running egg_info
writing ../../build/nav_tunnel/nav_tunnel.egg-info/PKG-INFO
writing dependency_links to ../../build/nav_tunnel/nav_tunnel.egg-info/dependency_links.txt
writing entry points to ../../build/nav_tunnel/nav_tunnel.egg-info/entry_points.txt
writing requirements to ../../build/nav_tunnel/nav_tunnel.egg-info/requires.txt
writing top-level names to ../../build/nav_tunnel/nav_tunnel.egg-info/top_level.txt
reading manifest file '../../build/nav_tunnel/nav_tunnel.egg-info/SOURCES.txt'
adding license file 'LICENSE'
writing manifest file '../../build/nav_tunnel/nav_tunnel.egg-info/SOURCES.txt'
running build
running build_py
copying nav_tunnel/nav_tunnel.py -> /home/util/ros2_ws/build/nav_tunnel/build/lib/nav_tunnel
running install
running install_lib
copying /home/util/ros2_ws/build/nav_tunnel/build/lib/nav_tunnel/nav_tunnel.py -> /home/util/ros2_ws/install/nav_tunnel/lib/python3.10/site-packages/nav_tunnel
byte-compiling /home/util/ros2_ws/install/nav_tunnel/lib/python3.10/site-packages/nav_tunnel/nav_tunnel.py to nav_tunnel.cpython-310.pyc
running install_data
running install_egg_info
removing '/home/util/ros2_ws/install/nav_tunnel/lib/python3.10/site-packages/nav_tunnel-0.0.0-py3.10.egg-info' (and everything under it)
Copying ../../build/nav_tunnel/nav_tunnel.egg-info to /home/util/ros2_ws/install/nav_tunnel/lib/python3.10/site-packages/nav_tunnel-0.0.0-py3.10.egg-info
running install_scripts
Installing nav_tunnel script to /home/util/ros2_ws/install/nav_tunnel/lib/nav_tunnel
writing list of installed files to '/home/util/ros2_ws/build/nav_tunnel/install.log'
