running egg_info
creating ../../build/controller_pkg/controller_pkg.egg-info
writing ../../build/controller_pkg/controller_pkg.egg-info/PKG-INFO
writing dependency_links to ../../build/controller_pkg/controller_pkg.egg-info/dependency_links.txt
writing entry points to ../../build/controller_pkg/controller_pkg.egg-info/entry_points.txt
writing requirements to ../../build/controller_pkg/controller_pkg.egg-info/requires.txt
writing top-level names to ../../build/controller_pkg/controller_pkg.egg-info/top_level.txt
writing manifest file '../../build/controller_pkg/controller_pkg.egg-info/SOURCES.txt'
reading manifest file '../../build/controller_pkg/controller_pkg.egg-info/SOURCES.txt'
writing manifest file '../../build/controller_pkg/controller_pkg.egg-info/SOURCES.txt'
running build
running build_py
creating /root/ros_ws/build/controller_pkg/build
creating /root/ros_ws/build/controller_pkg/build/lib
creating /root/ros_ws/build/controller_pkg/build/lib/controller_pkg
copying controller_pkg/__init__.py -> /root/ros_ws/build/controller_pkg/build/lib/controller_pkg
copying controller_pkg/node_controller.py -> /root/ros_ws/build/controller_pkg/build/lib/controller_pkg
running install
running install_lib
creating /root/ros_ws/install/controller_pkg/lib/python3.10/site-packages/controller_pkg
copying /root/ros_ws/build/controller_pkg/build/lib/controller_pkg/__init__.py -> /root/ros_ws/install/controller_pkg/lib/python3.10/site-packages/controller_pkg
copying /root/ros_ws/build/controller_pkg/build/lib/controller_pkg/node_controller.py -> /root/ros_ws/install/controller_pkg/lib/python3.10/site-packages/controller_pkg
byte-compiling /root/ros_ws/install/controller_pkg/lib/python3.10/site-packages/controller_pkg/__init__.py to __init__.cpython-310.pyc
byte-compiling /root/ros_ws/install/controller_pkg/lib/python3.10/site-packages/controller_pkg/node_controller.py to node_controller.cpython-310.pyc
running install_data
creating /root/ros_ws/install/controller_pkg/share/ament_index
creating /root/ros_ws/install/controller_pkg/share/ament_index/resource_index
creating /root/ros_ws/install/controller_pkg/share/ament_index/resource_index/packages
copying resource/controller_pkg -> /root/ros_ws/install/controller_pkg/share/ament_index/resource_index/packages
copying package.xml -> /root/ros_ws/install/controller_pkg/share/controller_pkg
running install_egg_info
Copying ../../build/controller_pkg/controller_pkg.egg-info to /root/ros_ws/install/controller_pkg/lib/python3.10/site-packages/controller_pkg-0.0.0-py3.10.egg-info
running install_scripts
Installing node_controller script to /root/ros_ws/install/controller_pkg/lib/controller_pkg
writing list of installed files to '/root/ros_ws/build/controller_pkg/install.log'
