[0.673s] Invoking command in '/root/ros_ws/src/controller_pkg': PYTHONPATH=/root/ros_ws/build/controller_pkg/prefix_override:/usr/lib/python3/dist-packages/colcon_core/task/python/colcon_distutils_commands:/root/ros_ws/install/controller_pkg/lib/python3.10/site-packages:${PYTHONPATH} /usr/bin/python3 -W ignore:setup.py install is deprecated -W ignore:easy_install command is deprecated setup.py egg_info --egg-base ../../build/controller_pkg build --build-base /root/ros_ws/build/controller_pkg/build install --record /root/ros_ws/build/controller_pkg/install.log --single-version-externally-managed install_data
[0.874s] running egg_info
[0.875s] creating ../../build/controller_pkg/controller_pkg.egg-info
[0.875s] writing ../../build/controller_pkg/controller_pkg.egg-info/PKG-INFO
[0.875s] writing dependency_links to ../../build/controller_pkg/controller_pkg.egg-info/dependency_links.txt
[0.875s] writing entry points to ../../build/controller_pkg/controller_pkg.egg-info/entry_points.txt
[0.876s] writing requirements to ../../build/controller_pkg/controller_pkg.egg-info/requires.txt
[0.876s] writing top-level names to ../../build/controller_pkg/controller_pkg.egg-info/top_level.txt
[0.876s] writing manifest file '../../build/controller_pkg/controller_pkg.egg-info/SOURCES.txt'
[0.878s] reading manifest file '../../build/controller_pkg/controller_pkg.egg-info/SOURCES.txt'
[0.879s] writing manifest file '../../build/controller_pkg/controller_pkg.egg-info/SOURCES.txt'
[0.879s] running build
[0.879s] running build_py
[0.879s] creating /root/ros_ws/build/controller_pkg/build
[0.879s] creating /root/ros_ws/build/controller_pkg/build/lib
[0.879s] creating /root/ros_ws/build/controller_pkg/build/lib/controller_pkg
[0.879s] copying controller_pkg/__init__.py -> /root/ros_ws/build/controller_pkg/build/lib/controller_pkg
[0.879s] copying controller_pkg/node_controller.py -> /root/ros_ws/build/controller_pkg/build/lib/controller_pkg
[0.879s] running install
[0.880s] running install_lib
[0.881s] creating /root/ros_ws/install/controller_pkg/lib/python3.10/site-packages/controller_pkg
[0.881s] copying /root/ros_ws/build/controller_pkg/build/lib/controller_pkg/__init__.py -> /root/ros_ws/install/controller_pkg/lib/python3.10/site-packages/controller_pkg
[0.881s] copying /root/ros_ws/build/controller_pkg/build/lib/controller_pkg/node_controller.py -> /root/ros_ws/install/controller_pkg/lib/python3.10/site-packages/controller_pkg
[0.881s] byte-compiling /root/ros_ws/install/controller_pkg/lib/python3.10/site-packages/controller_pkg/__init__.py to __init__.cpython-310.pyc
[0.882s] byte-compiling /root/ros_ws/install/controller_pkg/lib/python3.10/site-packages/controller_pkg/node_controller.py to node_controller.cpython-310.pyc
[0.882s] running install_data
[0.882s] creating /root/ros_ws/install/controller_pkg/share/ament_index
[0.882s] creating /root/ros_ws/install/controller_pkg/share/ament_index/resource_index
[0.882s] creating /root/ros_ws/install/controller_pkg/share/ament_index/resource_index/packages
[0.883s] copying resource/controller_pkg -> /root/ros_ws/install/controller_pkg/share/ament_index/resource_index/packages
[0.883s] copying package.xml -> /root/ros_ws/install/controller_pkg/share/controller_pkg
[0.883s] running install_egg_info
[0.886s] Copying ../../build/controller_pkg/controller_pkg.egg-info to /root/ros_ws/install/controller_pkg/lib/python3.10/site-packages/controller_pkg-0.0.0-py3.10.egg-info
[0.887s] running install_scripts
[0.911s] Installing node_controller script to /root/ros_ws/install/controller_pkg/lib/controller_pkg
[0.911s] writing list of installed files to '/root/ros_ws/build/controller_pkg/install.log'
[0.960s] Invoked command in '/root/ros_ws/src/controller_pkg' returned '0': PYTHONPATH=/root/ros_ws/build/controller_pkg/prefix_override:/usr/lib/python3/dist-packages/colcon_core/task/python/colcon_distutils_commands:/root/ros_ws/install/controller_pkg/lib/python3.10/site-packages:${PYTHONPATH} /usr/bin/python3 -W ignore:setup.py install is deprecated -W ignore:easy_install command is deprecated setup.py egg_info --egg-base ../../build/controller_pkg build --build-base /root/ros_ws/build/controller_pkg/build install --record /root/ros_ws/build/controller_pkg/install.log --single-version-externally-managed install_data
