[0.572s] Invoking command in '/home/util/ros2_ws/src/nav_tunnel': PYTHONPATH=/home/util/ros2_ws/build/nav_tunnel/prefix_override:/usr/lib/python3/dist-packages/colcon_core/task/python/colcon_distutils_commands:/home/util/ros2_ws/install/nav_tunnel/lib/python3.10/site-packages:${PYTHONPATH} /usr/bin/python3 -W ignore:setup.py install is deprecated -W ignore:easy_install command is deprecated setup.py egg_info --egg-base ../../build/nav_tunnel build --build-base /home/util/ros2_ws/build/nav_tunnel/build install --record /home/util/ros2_ws/build/nav_tunnel/install.log --single-version-externally-managed install_data
[0.784s] running egg_info
[0.784s] writing ../../build/nav_tunnel/nav_tunnel.egg-info/PKG-INFO
[0.784s] writing dependency_links to ../../build/nav_tunnel/nav_tunnel.egg-info/dependency_links.txt
[0.784s] writing entry points to ../../build/nav_tunnel/nav_tunnel.egg-info/entry_points.txt
[0.784s] writing requirements to ../../build/nav_tunnel/nav_tunnel.egg-info/requires.txt
[0.784s] writing top-level names to ../../build/nav_tunnel/nav_tunnel.egg-info/top_level.txt
[0.788s] reading manifest file '../../build/nav_tunnel/nav_tunnel.egg-info/SOURCES.txt'
[0.788s] adding license file 'LICENSE'
[0.788s] writing manifest file '../../build/nav_tunnel/nav_tunnel.egg-info/SOURCES.txt'
[0.788s] running build
[0.788s] running build_py
[0.790s] copying nav_tunnel/nav_tunnel.py -> /home/util/ros2_ws/build/nav_tunnel/build/lib/nav_tunnel
[0.790s] running install
[0.790s] running install_lib
[0.790s] copying /home/util/ros2_ws/build/nav_tunnel/build/lib/nav_tunnel/nav_tunnel.py -> /home/util/ros2_ws/install/nav_tunnel/lib/python3.10/site-packages/nav_tunnel
[0.791s] byte-compiling /home/util/ros2_ws/install/nav_tunnel/lib/python3.10/site-packages/nav_tunnel/nav_tunnel.py to nav_tunnel.cpython-310.pyc
[0.791s] running install_data
[0.791s] running install_egg_info
[0.793s] removing '/home/util/ros2_ws/install/nav_tunnel/lib/python3.10/site-packages/nav_tunnel-0.0.0-py3.10.egg-info' (and everything under it)
[0.795s] Copying ../../build/nav_tunnel/nav_tunnel.egg-info to /home/util/ros2_ws/install/nav_tunnel/lib/python3.10/site-packages/nav_tunnel-0.0.0-py3.10.egg-info
[0.796s] running install_scripts
[0.815s] Installing nav_tunnel script to /home/util/ros2_ws/install/nav_tunnel/lib/nav_tunnel
[0.816s] writing list of installed files to '/home/util/ros2_ws/build/nav_tunnel/install.log'
[0.840s] Invoked command in '/home/util/ros2_ws/src/nav_tunnel' returned '0': PYTHONPATH=/home/util/ros2_ws/build/nav_tunnel/prefix_override:/usr/lib/python3/dist-packages/colcon_core/task/python/colcon_distutils_commands:/home/util/ros2_ws/install/nav_tunnel/lib/python3.10/site-packages:${PYTHONPATH} /usr/bin/python3 -W ignore:setup.py install is deprecated -W ignore:easy_install command is deprecated setup.py egg_info --egg-base ../../build/nav_tunnel build --build-base /home/util/ros2_ws/build/nav_tunnel/build install --record /home/util/ros2_ws/build/nav_tunnel/install.log --single-version-externally-managed install_data
