[1.845s] Invoking command in '/home/util/ros2_ws/src/nav_tunnel': PYTHONPATH=/home/util/ros2_ws/build/nav_tunnel/prefix_override:/usr/lib/python3/dist-packages/colcon_core/task/python/colcon_distutils_commands:/home/util/ros2_ws/install/nav_tunnel/lib/python3.10/site-packages:${PYTHONPATH} /usr/bin/python3 -W ignore:setup.py install is deprecated -W ignore:easy_install command is deprecated setup.py egg_info --egg-base ../../build/nav_tunnel build --build-base /home/util/ros2_ws/build/nav_tunnel/build install --record /home/util/ros2_ws/build/nav_tunnel/install.log --single-version-externally-managed install_data
[2.536s] running egg_info
[2.540s] writing ../../build/nav_tunnel/nav_tunnel.egg-info/PKG-INFO
[2.541s] writing dependency_links to ../../build/nav_tunnel/nav_tunnel.egg-info/dependency_links.txt
[2.542s] writing entry points to ../../build/nav_tunnel/nav_tunnel.egg-info/entry_points.txt
[2.543s] writing requirements to ../../build/nav_tunnel/nav_tunnel.egg-info/requires.txt
[2.543s] writing top-level names to ../../build/nav_tunnel/nav_tunnel.egg-info/top_level.txt
[2.549s] reading manifest file '../../build/nav_tunnel/nav_tunnel.egg-info/SOURCES.txt'
[2.549s] adding license file 'LICENSE'
[2.550s] writing manifest file '../../build/nav_tunnel/nav_tunnel.egg-info/SOURCES.txt'
[2.551s] running build
[2.551s] running build_py
[2.553s] copying nav_tunnel/nav_tunnel.py -> /home/util/ros2_ws/build/nav_tunnel/build/lib/nav_tunnel
[2.554s] running install
[2.554s] running install_lib
[2.557s] copying /home/util/ros2_ws/build/nav_tunnel/build/lib/nav_tunnel/nav_tunnel.py -> /home/util/ros2_ws/install/nav_tunnel/lib/python3.10/site-packages/nav_tunnel
[2.560s] byte-compiling /home/util/ros2_ws/install/nav_tunnel/lib/python3.10/site-packages/nav_tunnel/nav_tunnel.py to nav_tunnel.cpython-310.pyc
[2.562s] running install_data
[2.563s] running install_egg_info
[2.569s] removing '/home/util/ros2_ws/install/nav_tunnel/lib/python3.10/site-packages/nav_tunnel-0.0.0-py3.10.egg-info' (and everything under it)
[2.570s] Copying ../../build/nav_tunnel/nav_tunnel.egg-info to /home/util/ros2_ws/install/nav_tunnel/lib/python3.10/site-packages/nav_tunnel-0.0.0-py3.10.egg-info
[2.574s] running install_scripts
[2.635s] Installing nav_tunnel script to /home/util/ros2_ws/install/nav_tunnel/lib/nav_tunnel
[2.635s] writing list of installed files to '/home/util/ros2_ws/build/nav_tunnel/install.log'
[2.705s] Invoked command in '/home/util/ros2_ws/src/nav_tunnel' returned '0': PYTHONPATH=/home/util/ros2_ws/build/nav_tunnel/prefix_override:/usr/lib/python3/dist-packages/colcon_core/task/python/colcon_distutils_commands:/home/util/ros2_ws/install/nav_tunnel/lib/python3.10/site-packages:${PYTHONPATH} /usr/bin/python3 -W ignore:setup.py install is deprecated -W ignore:easy_install command is deprecated setup.py egg_info --egg-base ../../build/nav_tunnel build --build-base /home/util/ros2_ws/build/nav_tunnel/build install --record /home/util/ros2_ws/build/nav_tunnel/install.log --single-version-externally-managed install_data
