[0.571s] Invoking command in '/root/ros_ws/src/controller_pkg': PYTHONPATH=/root/ros_ws/build/controller_pkg/prefix_override:/usr/lib/python3/dist-packages/colcon_core/task/python/colcon_distutils_commands:/root/ros_ws/install/controller_pkg/lib/python3.10/site-packages:${PYTHONPATH} /usr/bin/python3 -W ignore:setup.py install is deprecated -W ignore:easy_install command is deprecated setup.py egg_info --egg-base ../../build/controller_pkg build --build-base /root/ros_ws/build/controller_pkg/build install --record /root/ros_ws/build/controller_pkg/install.log --single-version-externally-managed install_data
[0.767s] running egg_info
[0.768s] writing ../../build/controller_pkg/controller_pkg.egg-info/PKG-INFO
[0.768s] writing dependency_links to ../../build/controller_pkg/controller_pkg.egg-info/dependency_links.txt
[0.769s] writing entry points to ../../build/controller_pkg/controller_pkg.egg-info/entry_points.txt
[0.770s] writing requirements to ../../build/controller_pkg/controller_pkg.egg-info/requires.txt
[0.771s] writing top-level names to ../../build/controller_pkg/controller_pkg.egg-info/top_level.txt
[0.773s] reading manifest file '../../build/controller_pkg/controller_pkg.egg-info/SOURCES.txt'
[0.775s] writing manifest file '../../build/controller_pkg/controller_pkg.egg-info/SOURCES.txt'
[0.775s] running build
[0.775s] running build_py
[0.775s] copying controller_pkg/node_controller.py -> /root/ros_ws/build/controller_pkg/build/lib/controller_pkg
[0.775s] running install
[0.775s] running install_lib
[0.776s] copying /root/ros_ws/build/controller_pkg/build/lib/controller_pkg/node_controller.py -> /root/ros_ws/install/controller_pkg/lib/python3.10/site-packages/controller_pkg
[0.777s] byte-compiling /root/ros_ws/install/controller_pkg/lib/python3.10/site-packages/controller_pkg/node_controller.py to node_controller.cpython-310.pyc
[0.778s] running install_data
[0.778s] running install_egg_info
[0.781s] removing '/root/ros_ws/install/controller_pkg/lib/python3.10/site-packages/controller_pkg-0.0.0-py3.10.egg-info' (and everything under it)
[0.782s] Copying ../../build/controller_pkg/controller_pkg.egg-info to /root/ros_ws/install/controller_pkg/lib/python3.10/site-packages/controller_pkg-0.0.0-py3.10.egg-info
[0.783s] running install_scripts
[0.806s] Installing node_controller script to /root/ros_ws/install/controller_pkg/lib/controller_pkg
[0.806s] writing list of installed files to '/root/ros_ws/build/controller_pkg/install.log'
[0.855s] Invoked command in '/root/ros_ws/src/controller_pkg' returned '0': PYTHONPATH=/root/ros_ws/build/controller_pkg/prefix_override:/usr/lib/python3/dist-packages/colcon_core/task/python/colcon_distutils_commands:/root/ros_ws/install/controller_pkg/lib/python3.10/site-packages:${PYTHONPATH} /usr/bin/python3 -W ignore:setup.py install is deprecated -W ignore:easy_install command is deprecated setup.py egg_info --egg-base ../../build/controller_pkg build --build-base /root/ros_ws/build/controller_pkg/build install --record /root/ros_ws/build/controller_pkg/install.log --single-version-externally-managed install_data
