[0.011s] Invoking command in '/home/ros/ros2_ws/build/sllidar_ros2': CMAKE_PREFIX_PATH=/opt/ros/humble /usr/bin/cmake /home/ros/ros2_ws/src/sllidar_ros2 -DCMAKE_INSTALL_PREFIX=/home/ros/ros2_ws/install/sllidar_ros2
[0.034s] -- Found ament_cmake: 1.3.12 (/opt/ros/humble/share/ament_cmake/cmake)
[0.179s] -- Found Python3: /usr/bin/python3 (found version "3.10.12") found components: Interpreter 
[0.309s] -- Found rclcpp: 16.0.17 (/opt/ros/humble/share/rclcpp/cmake)
[0.382s] -- Found rosidl_generator_c: 3.1.8 (/opt/ros/humble/share/rosidl_generator_c/cmake)
[0.390s] -- Found rosidl_adapter: 3.1.8 (/opt/ros/humble/share/rosidl_adapter/cmake)
[0.409s] -- Found rosidl_generator_cpp: 3.1.8 (/opt/ros/humble/share/rosidl_generator_cpp/cmake)
[0.433s] -- Using all available rosidl_typesupport_c: rosidl_typesupport_fastrtps_c;rosidl_typesupport_introspection_c
[0.460s] -- Using all available rosidl_typesupport_cpp: rosidl_typesupport_fastrtps_cpp;rosidl_typesupport_introspection_cpp
[0.536s] -- Found rmw_implementation_cmake: 6.1.2 (/opt/ros/humble/share/rmw_implementation_cmake/cmake)
[0.541s] -- Found rmw_fastrtps_cpp: 6.2.9 (/opt/ros/humble/share/rmw_fastrtps_cpp/cmake)
[0.648s] -- Found OpenSSL: /usr/lib/aarch64-linux-gnu/libcrypto.so (found version "3.0.2")  
[0.667s] -- Found FastRTPS: /opt/ros/humble/include  
[0.695s] -- Using RMW implementation 'rmw_fastrtps_cpp' as default
[0.711s] -- Looking for pthread.h
[0.795s] -- Looking for pthread.h - found
[0.796s] -- Performing Test CMAKE_HAVE_LIBC_PTHREAD
[0.873s] -- Performing Test CMAKE_HAVE_LIBC_PTHREAD - Success
[0.874s] -- Found Threads: TRUE  
[0.970s] -- Found sensor_msgs: 4.9.0 (/opt/ros/humble/share/sensor_msgs/cmake)
[1.029s] -- Found std_srvs: 4.9.0 (/opt/ros/humble/share/std_srvs/cmake)
[1.131s] -- Configuring done
[1.149s] -- Generating done
[1.155s] -- Build files have been written to: /home/ros/ros2_ws/build/sllidar_ros2
[1.164s] Invoked command in '/home/ros/ros2_ws/build/sllidar_ros2' returned '0': CMAKE_PREFIX_PATH=/opt/ros/humble /usr/bin/cmake /home/ros/ros2_ws/src/sllidar_ros2 -DCMAKE_INSTALL_PREFIX=/home/ros/ros2_ws/install/sllidar_ros2
[1.165s] Invoking command in '/home/ros/ros2_ws/build/sllidar_ros2': CMAKE_PREFIX_PATH=/opt/ros/humble /usr/bin/cmake --build /home/ros/ros2_ws/build/sllidar_ros2 -- -j4 -l4
[1.212s] [ 20%] [32mBuilding CXX object CMakeFiles/sllidar_node.dir/sdk/src/arch/linux/net_serial.cpp.o[0m
[1.212s] [ 20%] [32mBuilding CXX object CMakeFiles/sllidar_client.dir/src/sllidar_client.cpp.o[0m
[1.213s] [ 20%] [32mBuilding CXX object CMakeFiles/sllidar_node.dir/src/sllidar_node.cpp.o[0m
[1.213s] [ 20%] [32mBuilding CXX object CMakeFiles/sllidar_node.dir/sdk/src/arch/linux/net_socket.cpp.o[0m
[1.814s] In file included from [01m[K/home/ros/ros2_ws/src/sllidar_ros2/./sdk/include/rplidar_protocol.h:36[m[K,
[1.814s]                  from [01m[K/home/ros/ros2_ws/src/sllidar_ros2/./sdk/include/rplidar.h:39[m[K,
[1.814s]                  from [01m[K/home/ros/ros2_ws/src/sllidar_ros2/./sdk/src/sdkcommon.h:49[m[K,
[1.814s]                  from [01m[K/home/ros/ros2_ws/src/sllidar_ros2/sdk/src/arch/linux/net_socket.cpp:10[m[K:
[1.814s] [01m[K/home/ros/ros2_ws/src/sllidar_ros2/./sdk/include/sl_lidar_protocol.h:66:16:[m[K [01;35m[Kwarning: [m[KISO C++ forbids zero-size array ‘[01m[Kdata[m[K’ [[01;35m[K-Wpedantic[m[K]
[1.814s]    66 |     sl_u8 data[[01;35m[K0[m[K];
[1.814s]       |                [01;35m[K^[m[K
[1.814s] In file included from [01m[K/home/ros/ros2_ws/src/sllidar_ros2/./sdk/include/rplidar_cmd.h:36[m[K,
[1.815s]                  from [01m[K/home/ros/ros2_ws/src/sllidar_ros2/./sdk/include/rplidar.h:40[m[K,
[1.815s]                  from [01m[K/home/ros/ros2_ws/src/sllidar_ros2/./sdk/src/sdkcommon.h:49[m[K,
[1.815s]                  from [01m[K/home/ros/ros2_ws/src/sllidar_ros2/sdk/src/arch/linux/net_socket.cpp:10[m[K:
[1.815s] [01m[K/home/ros/ros2_ws/src/sllidar_ros2/./sdk/include/sl_lidar_cmd.h:324:20:[m[K [01;35m[Kwarning: [m[KISO C++ forbids zero-size array ‘[01m[Kpayload[m[K’ [[01;35m[K-Wpedantic[m[K]
[1.815s]   324 |     sl_u8  payload[[01;35m[K0[m[K];
[1.815s]       |                    [01;35m[K^[m[K
[1.895s] In file included from [01m[K/home/ros/ros2_ws/src/sllidar_ros2/./sdk/src/arch/linux/arch_linux.h:42[m[K,
[1.895s]                  from [01m[K/home/ros/ros2_ws/src/sllidar_ros2/./sdk/src/sdkcommon.h:41[m[K,
[1.896s]                  from [01m[K/home/ros/ros2_ws/src/sllidar_ros2/sdk/src/arch/linux/net_socket.cpp:10[m[K:
[1.896s] [01m[K/home/ros/ros2_ws/src/sllidar_ros2/sdk/src/arch/linux/net_socket.cpp:[m[K In member function ‘[01m[Kvirtual u_result rp::arch::net::DGramSocketImpl::sendTo(const rp::net::SocketAddress*, const void*, size_t)[m[K’:
[1.896s] [01m[K/home/ros/ros2_ws/src/sllidar_ros2/sdk/src/arch/linux/net_socket.cpp:733:24:[m[K [01;35m[Kwarning: [m[Kcomparison of integer expressions of different signedness: ‘[01m[Kint[m[K’ and ‘[01m[Ksize_t[m[K’ {aka ‘[01m[Klong unsigned int[m[K’} [[01;35m[K-Wsign-compare[m[K]
[1.896s]   733 |             assert([01;35m[Kans == len[m[K);
[1.896s]       |                    [01;35m[K~~~~^~~~~~[m[K
[1.995s] [01m[K/home/ros/ros2_ws/src/sllidar_ros2/sdk/src/arch/linux/net_serial.cpp:[m[K In member function ‘[01m[Kbool rp::arch::net::raw_serial::open(const char*, uint32_t, uint32_t)[m[K’:
[1.996s] [01m[K/home/ros/ros2_ws/src/sllidar_ros2/sdk/src/arch/linux/net_serial.cpp:97:74:[m[K [01;35m[Kwarning: [m[Kunused parameter ‘[01m[Kflags[m[K’ [[01;35m[K-Wunused-parameter[m[K]
[1.996s]    97 | bool raw_serial::open(const char * portname, uint32_t baudrate, [01;35m[Kuint32_t flags[m[K)
[1.996s]       |                                                                 [01;35m[K~~~~~~~~~^~~~~[m[K
[1.996s] [01m[K/home/ros/ros2_ws/src/sllidar_ros2/sdk/src/arch/linux/net_serial.cpp:[m[K In member function ‘[01m[Kvirtual void rp::arch::net::raw_serial::flush(_u32)[m[K’:
[1.997s] [01m[K/home/ros/ros2_ws/src/sllidar_ros2/sdk/src/arch/linux/net_serial.cpp:281:30:[m[K [01;35m[Kwarning: [m[Kunused parameter ‘[01m[Kflags[m[K’ [[01;35m[K-Wunused-parameter[m[K]
[1.997s]   281 | void raw_serial::flush( [01;35m[K_u32 flags[m[K)
[1.997s]       |                         [01;35m[K~~~~~^~~~~[m[K
[1.997s] [01m[K/home/ros/ros2_ws/src/sllidar_ros2/sdk/src/arch/linux/net_serial.cpp:[m[K In member function ‘[01m[Kvirtual int rp::arch::net::raw_serial::waitforsent(_u32, size_t*)[m[K’:
[1.997s] [01m[K/home/ros/ros2_ws/src/sllidar_ros2/sdk/src/arch/linux/net_serial.cpp:286:34:[m[K [01;35m[Kwarning: [m[Kunused parameter ‘[01m[Ktimeout[m[K’ [[01;35m[K-Wunused-parameter[m[K]
[1.997s]   286 | int raw_serial::waitforsent([01;35m[K_u32 timeout[m[K, size_t * returned_size)
[1.998s]       |                             [01;35m[K~~~~~^~~~~~~[m[K
[1.998s] [01m[K/home/ros/ros2_ws/src/sllidar_ros2/sdk/src/arch/linux/net_serial.cpp:[m[K In member function ‘[01m[Kvirtual int rp::arch::net::raw_serial::waitforrecv(_u32, size_t*)[m[K’:
[1.998s] [01m[K/home/ros/ros2_ws/src/sllidar_ros2/sdk/src/arch/linux/net_serial.cpp:292:34:[m[K [01;35m[Kwarning: [m[Kunused parameter ‘[01m[Ktimeout[m[K’ [[01;35m[K-Wunused-parameter[m[K]
[1.998s]   292 | int raw_serial::waitforrecv([01;35m[K_u32 timeout[m[K, size_t * returned_size)
[1.998s]       |                             [01;35m[K~~~~~^~~~~~~[m[K
[1.999s] [01m[K/home/ros/ros2_ws/src/sllidar_ros2/sdk/src/arch/linux/net_serial.cpp:[m[K In member function ‘[01m[Kvirtual void rp::arch::net::raw_serial::cancelOperation()[m[K’:
[2.002s] [01m[K/home/ros/ros2_ws/src/sllidar_ros2/sdk/src/arch/linux/net_serial.cpp:427:5:[m[K [01;35m[Kwarning: [m[Kvalue computed is not used [[01;35m[K-Wunused-value[m[K]
[2.002s]   427 |     [01;35m[K(int)::write(_selfpipe[1], "x", 1)[m[K;
[2.002s]       |     [01;35m[K^~~~~~~~~~~~~~~~~~~~~~~~~~~~~~~~~~[m[K
[2.158s] [ 25%] [32mBuilding CXX object CMakeFiles/sllidar_node.dir/sdk/src/arch/linux/timer.cpp.o[0m
[2.177s] [ 30%] [32mBuilding CXX object CMakeFiles/sllidar_node.dir/sdk/src/dataunpacker/dataunpacker.cpp.o[0m
[2.735s] In file included from [01m[K/home/ros/ros2_ws/src/sllidar_ros2/./sdk/include/rplidar_protocol.h:36[m[K,
[2.735s]                  from [01m[K/home/ros/ros2_ws/src/sllidar_ros2/./sdk/include/rplidar.h:39[m[K,
[2.736s]                  from [01m[K/home/ros/ros2_ws/src/sllidar_ros2/./sdk/src/sdkcommon.h:49[m[K,
[2.736s]                  from [01m[K/home/ros/ros2_ws/src/sllidar_ros2/sdk/src/dataunpacker/dataunnpacker_commondef.h:41[m[K,
[2.736s]                  from [01m[K/home/ros/ros2_ws/src/sllidar_ros2/sdk/src/dataunpacker/dataunpacker.cpp:39[m[K:
[2.736s] [01m[K/home/ros/ros2_ws/src/sllidar_ros2/./sdk/include/sl_lidar_protocol.h:66:16:[m[K [01;35m[Kwarning: [m[KISO C++ forbids zero-size array ‘[01m[Kdata[m[K’ [[01;35m[K-Wpedantic[m[K]
[2.736s]    66 |     sl_u8 data[[01;35m[K0[m[K];
[2.736s]       |                [01;35m[K^[m[K
[2.736s] In file included from [01m[K/home/ros/ros2_ws/src/sllidar_ros2/./sdk/include/rplidar_cmd.h:36[m[K,
[2.736s]                  from [01m[K/home/ros/ros2_ws/src/sllidar_ros2/./sdk/include/rplidar.h:40[m[K,
[2.736s]                  from [01m[K/home/ros/ros2_ws/src/sllidar_ros2/./sdk/src/sdkcommon.h:49[m[K,
[2.736s]                  from [01m[K/home/ros/ros2_ws/src/sllidar_ros2/sdk/src/dataunpacker/dataunnpacker_commondef.h:41[m[K,
[2.737s]                  from [01m[K/home/ros/ros2_ws/src/sllidar_ros2/sdk/src/dataunpacker/dataunpacker.cpp:39[m[K:
[2.737s] [01m[K/home/ros/ros2_ws/src/sllidar_ros2/./sdk/include/sl_lidar_cmd.h:324:20:[m[K [01;35m[Kwarning: [m[KISO C++ forbids zero-size array ‘[01m[Kpayload[m[K’ [[01;35m[K-Wpedantic[m[K]
[2.737s]   324 |     sl_u8  payload[[01;35m[K0[m[K];
[2.737s]       |                    [01;35m[K^[m[K
[2.775s] [ 35%] [32mBuilding CXX object CMakeFiles/sllidar_node.dir/sdk/src/dataunpacker/unpacker/handler_capsules.cpp.o[0m
[3.003s] In file included from [01m[K/home/ros/ros2_ws/src/sllidar_ros2/sdk/src/dataunpacker/dataunpacker.cpp:40[m[K:
[3.003s] [01m[K/home/ros/ros2_ws/src/sllidar_ros2/sdk/src/dataunpacker/dataunpacker.h:[m[K In member function ‘[01m[Kvirtual void sl::internal::LIDARSampleDataListener::onCustomSampleDataDecoded(_u8, _u32, const void*, size_t)[m[K’:
[3.003s] [01m[K/home/ros/ros2_ws/src/sllidar_ros2/sdk/src/dataunpacker/dataunpacker.h:54:52:[m[K [01;35m[Kwarning: [m[Kunused parameter ‘[01m[KansType[m[K’ [[01;35m[K-Wunused-parameter[m[K]
[3.004s]    54 |         virtual void onCustomSampleDataDecoded([01;35m[K_u8 ansType[m[K, _u32 customCode, const void* data, size_t size) {}
[3.004s]       |                                                [01;35m[K~~~~^~~~~~~[m[K
[3.004s] [01m[K/home/ros/ros2_ws/src/sllidar_ros2/sdk/src/dataunpacker/dataunpacker.h:54:66:[m[K [01;35m[Kwarning: [m[Kunused parameter ‘[01m[KcustomCode[m[K’ [[01;35m[K-Wunused-parameter[m[K]
[3.004s]    54 |         virtual void onCustomSampleDataDecoded(_u8 ansType, [01;35m[K_u32 customCode[m[K, const void* data, size_t size) {}
[3.004s]       |                                                             [01;35m[K~~~~~^~~~~~~~~~[m[K
[3.004s] [01m[K/home/ros/ros2_ws/src/sllidar_ros2/sdk/src/dataunpacker/dataunpacker.h:54:90:[m[K [01;35m[Kwarning: [m[Kunused parameter ‘[01m[Kdata[m[K’ [[01;35m[K-Wunused-parameter[m[K]
[3.004s]    54 |         virtual void onCustomSampleDataDecoded(_u8 ansType, _u32 customCode, [01;35m[Kconst void* data[m[K, size_t size) {}
[3.004s]       |                                                                              [01;35m[K~~~~~~~~~~~~^~~~[m[K
[3.004s] [01m[K/home/ros/ros2_ws/src/sllidar_ros2/sdk/src/dataunpacker/dataunpacker.h:54:103:[m[K [01;35m[Kwarning: [m[Kunused parameter ‘[01m[Ksize[m[K’ [[01;35m[K-Wunused-parameter[m[K]
[3.004s]    54 |         virtual void onCustomSampleDataDecoded(_u8 ansType, _u32 customCode, const void* data, [01;35m[Ksize_t size[m[K) {}
[3.004s]       |                                                                                                [01;35m[K~~~~~~~^~~~[m[K
[3.004s] [01m[K/home/ros/ros2_ws/src/sllidar_ros2/sdk/src/dataunpacker/dataunpacker.h:[m[K In member function ‘[01m[Kvirtual void sl::internal::LIDARSampleDataListener::onDecodingError(int, _u8, const void*, size_t)[m[K’:
[3.004s] [01m[K/home/ros/ros2_ws/src/sllidar_ros2/sdk/src/dataunpacker/dataunpacker.h:56:42:[m[K [01;35m[Kwarning: [m[Kunused parameter ‘[01m[KerrMsg[m[K’ [[01;35m[K-Wunused-parameter[m[K]
[3.005s]    56 |         virtual void onDecodingError([01;35m[Kint errMsg[m[K, _u8 ansType, const void* payload, size_t size) {}
[3.005s]       |                                      [01;35m[K~~~~^~~~~~[m[K
[3.005s] [01m[K/home/ros/ros2_ws/src/sllidar_ros2/sdk/src/dataunpacker/dataunpacker.h:56:54:[m[K [01;35m[Kwarning: [m[Kunused parameter ‘[01m[KansType[m[K’ [[01;35m[K-Wunused-parameter[m[K]
[3.005s]    56 |         virtual void onDecodingError(int errMsg, [01;35m[K_u8 ansType[m[K, const void* payload, size_t size) {}
[3.005s]       |                                                  [01;35m[K~~~~^~~~~~~[m[K
[3.005s] [01m[K/home/ros/ros2_ws/src/sllidar_ros2/sdk/src/dataunpacker/dataunpacker.h:56:75:[m[K [01;35m[Kwarning: [m[Kunused parameter ‘[01m[Kpayload[m[K’ [[01;35m[K-Wunused-parameter[m[K]
[3.005s]    56 |         virtual void onDecodingError(int errMsg, _u8 ansType, [01;35m[Kconst void* payload[m[K, size_t size) {}
[3.005s]       |                                                               [01;35m[K~~~~~~~~~~~~^~~~~~~[m[K
[3.005s] [01m[K/home/ros/ros2_ws/src/sllidar_ros2/sdk/src/dataunpacker/dataunpacker.h:56:91:[m[K [01;35m[Kwarning: [m[Kunused parameter ‘[01m[Ksize[m[K’ [[01;35m[K-Wunused-parameter[m[K]
[3.005s]    56 |         virtual void onDecodingError(int errMsg, _u8 ansType, const void* payload, [01;35m[Ksize_t size[m[K) {}
[3.005s]       |                                                                                    [01;35m[K~~~~~~~^~~~[m[K
[3.328s] [ 40%] [32mBuilding CXX object CMakeFiles/sllidar_node.dir/sdk/src/dataunpacker/unpacker/handler_hqnode.cpp.o[0m
[3.340s] In file included from [01m[K/home/ros/ros2_ws/src/sllidar_ros2/./sdk/include/rplidar_protocol.h:36[m[K,
[3.340s]                  from [01m[K/home/ros/ros2_ws/src/sllidar_ros2/./sdk/include/rplidar.h:39[m[K,
[3.340s]                  from [01m[K/home/ros/ros2_ws/src/sllidar_ros2/./sdk/src/sdkcommon.h:49[m[K,
[3.340s]                  from [01m[K/home/ros/ros2_ws/src/sllidar_ros2/sdk/src/dataunpacker/unpacker/../dataunnpacker_commondef.h:41[m[K,
[3.341s]                  from [01m[K/home/ros/ros2_ws/src/sllidar_ros2/sdk/src/dataunpacker/unpacker/handler_capsules.cpp:39[m[K:
[3.341s] [01m[K/home/ros/ros2_ws/src/sllidar_ros2/./sdk/include/sl_lidar_protocol.h:66:16:[m[K [01;35m[Kwarning: [m[KISO C++ forbids zero-size array ‘[01m[Kdata[m[K’ [[01;35m[K-Wpedantic[m[K]
[3.341s]    66 |     sl_u8 data[[01;35m[K0[m[K];
[3.341s]       |                [01;35m[K^[m[K
[3.341s] In file included from [01m[K/home/ros/ros2_ws/src/sllidar_ros2/./sdk/include/rplidar_cmd.h:36[m[K,
[3.341s]                  from [01m[K/home/ros/ros2_ws/src/sllidar_ros2/./sdk/include/rplidar.h:40[m[K,
[3.341s]                  from [01m[K/home/ros/ros2_ws/src/sllidar_ros2/./sdk/src/sdkcommon.h:49[m[K,
[3.341s]                  from [01m[K/home/ros/ros2_ws/src/sllidar_ros2/sdk/src/dataunpacker/unpacker/../dataunnpacker_commondef.h:41[m[K,
[3.341s]                  from [01m[K/home/ros/ros2_ws/src/sllidar_ros2/sdk/src/dataunpacker/unpacker/handler_capsules.cpp:39[m[K:
[3.341s] [01m[K/home/ros/ros2_ws/src/sllidar_ros2/./sdk/include/sl_lidar_cmd.h:324:20:[m[K [01;35m[Kwarning: [m[KISO C++ forbids zero-size array ‘[01m[Kpayload[m[K’ [[01;35m[K-Wpedantic[m[K]
[3.342s]   324 |     sl_u8  payload[[01;35m[K0[m[K];
[3.342s]       |                    [01;35m[K^[m[K
[3.600s] In file included from [01m[K/home/ros/ros2_ws/src/sllidar_ros2/sdk/src/dataunpacker/unpacker/handler_capsules.cpp:40[m[K:
[3.601s] [01m[K/home/ros/ros2_ws/src/sllidar_ros2/sdk/src/dataunpacker/unpacker/../dataunpacker.h:[m[K In member function ‘[01m[Kvirtual void sl::internal::LIDARSampleDataListener::onCustomSampleDataDecoded(_u8, _u32, const void*, size_t)[m[K’:
[3.601s] [01m[K/home/ros/ros2_ws/src/sllidar_ros2/sdk/src/dataunpacker/unpacker/../dataunpacker.h:54:52:[m[K [01;35m[Kwarning: [m[Kunused parameter ‘[01m[KansType[m[K’ [[01;35m[K-Wunused-parameter[m[K]
[3.601s]    54 |         virtual void onCustomSampleDataDecoded([01;35m[K_u8 ansType[m[K, _u32 customCode, const void* data, size_t size) {}
[3.601s]       |                                                [01;35m[K~~~~^~~~~~~[m[K
[3.601s] [01m[K/home/ros/ros2_ws/src/sllidar_ros2/sdk/src/dataunpacker/unpacker/../dataunpacker.h:54:66:[m[K [01;35m[Kwarning: [m[Kunused parameter ‘[01m[KcustomCode[m[K’ [[01;35m[K-Wunused-parameter[m[K]
[3.601s]    54 |         virtual void onCustomSampleDataDecoded(_u8 ansType, [01;35m[K_u32 customCode[m[K, const void* data, size_t size) {}
[3.601s]       |                                                             [01;35m[K~~~~~^~~~~~~~~~[m[K
[3.601s] [01m[K/home/ros/ros2_ws/src/sllidar_ros2/sdk/src/dataunpacker/unpacker/../dataunpacker.h:54:90:[m[K [01;35m[Kwarning: [m[Kunused parameter ‘[01m[Kdata[m[K’ [[01;35m[K-Wunused-parameter[m[K]
[3.601s]    54 |         virtual void onCustomSampleDataDecoded(_u8 ansType, _u32 customCode, [01;35m[Kconst void* data[m[K, size_t size) {}
[3.602s]       |                                                                              [01;35m[K~~~~~~~~~~~~^~~~[m[K
[3.602s] [01m[K/home/ros/ros2_ws/src/sllidar_ros2/sdk/src/dataunpacker/unpacker/../dataunpacker.h:54:103:[m[K [01;35m[Kwarning: [m[Kunused parameter ‘[01m[Ksize[m[K’ [[01;35m[K-Wunused-parameter[m[K]
[3.602s]    54 |         virtual void onCustomSampleDataDecoded(_u8 ansType, _u32 customCode, const void* data, [01;35m[Ksize_t size[m[K) {}
[3.602s]       |                                                                                                [01;35m[K~~~~~~~^~~~[m[K
[3.602s] [01m[K/home/ros/ros2_ws/src/sllidar_ros2/sdk/src/dataunpacker/unpacker/../dataunpacker.h:[m[K In member function ‘[01m[Kvirtual void sl::internal::LIDARSampleDataListener::onDecodingError(int, _u8, const void*, size_t)[m[K’:
[3.602s] [01m[K/home/ros/ros2_ws/src/sllidar_ros2/sdk/src/dataunpacker/unpacker/../dataunpacker.h:56:42:[m[K [01;35m[Kwarning: [m[Kunused parameter ‘[01m[KerrMsg[m[K’ [[01;35m[K-Wunused-parameter[m[K]
[3.602s]    56 |         virtual void onDecodingError([01;35m[Kint errMsg[m[K, _u8 ansType, const void* payload, size_t size) {}
[3.602s]       |                                      [01;35m[K~~~~^~~~~~[m[K
[3.602s] [01m[K/home/ros/ros2_ws/src/sllidar_ros2/sdk/src/dataunpacker/unpacker/../dataunpacker.h:56:54:[m[K [01;35m[Kwarning: [m[Kunused parameter ‘[01m[KansType[m[K’ [[01;35m[K-Wunused-parameter[m[K]
[3.602s]    56 |         virtual void onDecodingError(int errMsg, [01;35m[K_u8 ansType[m[K, const void* payload, size_t size) {}
[3.602s]       |                                                  [01;35m[K~~~~^~~~~~~[m[K
[3.602s] [01m[K/home/ros/ros2_ws/src/sllidar_ros2/sdk/src/dataunpacker/unpacker/../dataunpacker.h:56:75:[m[K [01;35m[Kwarning: [m[Kunused parameter ‘[01m[Kpayload[m[K’ [[01;35m[K-Wunused-parameter[m[K]
[3.602s]    56 |         virtual void onDecodingError(int errMsg, _u8 ansType, [01;35m[Kconst void* payload[m[K, size_t size) {}
[3.603s]       |                                                               [01;35m[K~~~~~~~~~~~~^~~~~~~[m[K
[3.603s] [01m[K/home/ros/ros2_ws/src/sllidar_ros2/sdk/src/dataunpacker/unpacker/../dataunpacker.h:56:91:[m[K [01;35m[Kwarning: [m[Kunused parameter ‘[01m[Ksize[m[K’ [[01;35m[K-Wunused-parameter[m[K]
[3.603s]    56 |         virtual void onDecodingError(int errMsg, _u8 ansType, const void* payload, [01;35m[Ksize_t size[m[K) {}
[3.603s]       |                                                                                    [01;35m[K~~~~~~~^~~~[m[K
[3.619s] [01m[K/home/ros/ros2_ws/src/sllidar_ros2/sdk/src/dataunpacker/unpacker/handler_capsules.cpp:[m[K In member function ‘[01m[Kvoid sl::internal::unpacker::UnpackerHandler_DenseCapsuleNode::_onScanNodeDenseCapsuleData(rplidar_response_dense_capsule_measurement_nodes_t&, sl::internal::LIDARSampleDataUnpackerInner*)[m[K’:
[3.619s] [01m[K/home/ros/ros2_ws/src/sllidar_ros2/sdk/src/dataunpacker/unpacker/handler_capsules.cpp:763:30:[m[K [01;35m[Kwarning: [m[Ktype qualifiers ignored on cast result type [[01;35m[K-Wignored-qualifiers[m[K]
[3.620s]   763 |             const int dist = [01;35m[Kstatic_cast<const int>(_cached_previous_dense_capsuledata.cabins[pos].distance)[m[K;
[3.620s]       |                              [01;35m[K^~~~~~~~~~~~~~~~~~~~~~~~~~~~~~~~~~~~~~~~~~~~~~~~~~~~~~~~~~~~~~~~~~~~~~~~~~~~~~~[m[K
[3.871s] [ 45%] [32mBuilding CXX object CMakeFiles/sllidar_node.dir/sdk/src/dataunpacker/unpacker/handler_normalnode.cpp.o[0m
[3.878s] In file included from [01m[K/home/ros/ros2_ws/src/sllidar_ros2/./sdk/include/rplidar_protocol.h:36[m[K,
[3.878s]                  from [01m[K/home/ros/ros2_ws/src/sllidar_ros2/./sdk/include/rplidar.h:39[m[K,
[3.878s]                  from [01m[K/home/ros/ros2_ws/src/sllidar_ros2/./sdk/src/sdkcommon.h:49[m[K,
[3.878s]                  from [01m[K/home/ros/ros2_ws/src/sllidar_ros2/sdk/src/dataunpacker/unpacker/../dataunnpacker_commondef.h:41[m[K,
[3.878s]                  from [01m[K/home/ros/ros2_ws/src/sllidar_ros2/sdk/src/dataunpacker/unpacker/handler_hqnode.cpp:39[m[K:
[3.878s] [01m[K/home/ros/ros2_ws/src/sllidar_ros2/./sdk/include/sl_lidar_protocol.h:66:16:[m[K [01;35m[Kwarning: [m[KISO C++ forbids zero-size array ‘[01m[Kdata[m[K’ [[01;35m[K-Wpedantic[m[K]
[3.878s]    66 |     sl_u8 data[[01;35m[K0[m[K];
[3.878s]       |                [01;35m[K^[m[K
[3.879s] In file included from [01m[K/home/ros/ros2_ws/src/sllidar_ros2/./sdk/include/rplidar_cmd.h:36[m[K,
[3.879s]                  from [01m[K/home/ros/ros2_ws/src/sllidar_ros2/./sdk/include/rplidar.h:40[m[K,
[3.879s]                  from [01m[K/home/ros/ros2_ws/src/sllidar_ros2/./sdk/src/sdkcommon.h:49[m[K,
[3.879s]                  from [01m[K/home/ros/ros2_ws/src/sllidar_ros2/sdk/src/dataunpacker/unpacker/../dataunnpacker_commondef.h:41[m[K,
[3.879s]                  from [01m[K/home/ros/ros2_ws/src/sllidar_ros2/sdk/src/dataunpacker/unpacker/handler_hqnode.cpp:39[m[K:
[3.879s] [01m[K/home/ros/ros2_ws/src/sllidar_ros2/./sdk/include/sl_lidar_cmd.h:324:20:[m[K [01;35m[Kwarning: [m[KISO C++ forbids zero-size array ‘[01m[Kpayload[m[K’ [[01;35m[K-Wpedantic[m[K]
[3.879s]   324 |     sl_u8  payload[[01;35m[K0[m[K];
[3.879s]       |                    [01;35m[K^[m[K
[4.125s] In file included from [01m[K/home/ros/ros2_ws/src/sllidar_ros2/sdk/src/dataunpacker/unpacker/handler_hqnode.cpp:40[m[K:
[4.125s] [01m[K/home/ros/ros2_ws/src/sllidar_ros2/sdk/src/dataunpacker/unpacker/../dataunpacker.h:[m[K In member function ‘[01m[Kvirtual void sl::internal::LIDARSampleDataListener::onCustomSampleDataDecoded(_u8, _u32, const void*, size_t)[m[K’:
[4.125s] [01m[K/home/ros/ros2_ws/src/sllidar_ros2/sdk/src/dataunpacker/unpacker/../dataunpacker.h:54:52:[m[K [01;35m[Kwarning: [m[Kunused parameter ‘[01m[KansType[m[K’ [[01;35m[K-Wunused-parameter[m[K]
[4.127s]    54 |         virtual void onCustomSampleDataDecoded([01;35m[K_u8 ansType[m[K, _u32 customCode, const void* data, size_t size) {}
[4.128s]       |                                                [01;35m[K~~~~^~~~~~~[m[K
[4.129s] [01m[K/home/ros/ros2_ws/src/sllidar_ros2/sdk/src/dataunpacker/unpacker/../dataunpacker.h:54:66:[m[K [01;35m[Kwarning: [m[Kunused parameter ‘[01m[KcustomCode[m[K’ [[01;35m[K-Wunused-parameter[m[K]
[4.129s]    54 |         virtual void onCustomSampleDataDecoded(_u8 ansType, [01;35m[K_u32 customCode[m[K, const void* data, size_t size) {}
[4.130s]       |                                                             [01;35m[K~~~~~^~~~~~~~~~[m[K
[4.130s] [01m[K/home/ros/ros2_ws/src/sllidar_ros2/sdk/src/dataunpacker/unpacker/../dataunpacker.h:54:90:[m[K [01;35m[Kwarning: [m[Kunused parameter ‘[01m[Kdata[m[K’ [[01;35m[K-Wunused-parameter[m[K]
[4.131s]    54 |         virtual void onCustomSampleDataDecoded(_u8 ansType, _u32 customCode, [01;35m[Kconst void* data[m[K, size_t size) {}
[4.132s]       |                                                                              [01;35m[K~~~~~~~~~~~~^~~~[m[K
[4.133s] [01m[K/home/ros/ros2_ws/src/sllidar_ros2/sdk/src/dataunpacker/unpacker/../dataunpacker.h:54:103:[m[K [01;35m[Kwarning: [m[Kunused parameter ‘[01m[Ksize[m[K’ [[01;35m[K-Wunused-parameter[m[K]
[4.133s]    54 |         virtual void onCustomSampleDataDecoded(_u8 ansType, _u32 customCode, const void* data, [01;35m[Ksize_t size[m[K) {}
[4.133s]       |                                                                                                [01;35m[K~~~~~~~^~~~[m[K
[4.134s] [01m[K/home/ros/ros2_ws/src/sllidar_ros2/sdk/src/dataunpacker/unpacker/../dataunpacker.h:[m[K In member function ‘[01m[Kvirtual void sl::internal::LIDARSampleDataListener::onDecodingError(int, _u8, const void*, size_t)[m[K’:
[4.134s] [01m[K/home/ros/ros2_ws/src/sllidar_ros2/sdk/src/dataunpacker/unpacker/../dataunpacker.h:56:42:[m[K [01;35m[Kwarning: [m[Kunused parameter ‘[01m[KerrMsg[m[K’ [[01;35m[K-Wunused-parameter[m[K]
[4.134s]    56 |         virtual void onDecodingError([01;35m[Kint errMsg[m[K, _u8 ansType, const void* payload, size_t size) {}
[4.134s]       |                                      [01;35m[K~~~~^~~~~~[m[K
[4.134s] [01m[K/home/ros/ros2_ws/src/sllidar_ros2/sdk/src/dataunpacker/unpacker/../dataunpacker.h:56:54:[m[K [01;35m[Kwarning: [m[Kunused parameter ‘[01m[KansType[m[K’ [[01;35m[K-Wunused-parameter[m[K]
[4.134s]    56 |         virtual void onDecodingError(int errMsg, [01;35m[K_u8 ansType[m[K, const void* payload, size_t size) {}
[4.134s]       |                                                  [01;35m[K~~~~^~~~~~~[m[K
[4.134s] [01m[K/home/ros/ros2_ws/src/sllidar_ros2/sdk/src/dataunpacker/unpacker/../dataunpacker.h:56:75:[m[K [01;35m[Kwarning: [m[Kunused parameter ‘[01m[Kpayload[m[K’ [[01;35m[K-Wunused-parameter[m[K]
[4.134s]    56 |         virtual void onDecodingError(int errMsg, _u8 ansType, [01;35m[Kconst void* payload[m[K, size_t size) {}
[4.134s]       |                                                               [01;35m[K~~~~~~~~~~~~^~~~~~~[m[K
[4.135s] [01m[K/home/ros/ros2_ws/src/sllidar_ros2/sdk/src/dataunpacker/unpacker/../dataunpacker.h:56:91:[m[K [01;35m[Kwarning: [m[Kunused parameter ‘[01m[Ksize[m[K’ [[01;35m[K-Wunused-parameter[m[K]
[4.135s]    56 |         virtual void onDecodingError(int errMsg, _u8 ansType, const void* payload, [01;35m[Ksize_t size[m[K) {}
[4.135s]       |                                                                                    [01;35m[K~~~~~~~^~~~[m[K
[4.299s] [ 50%] [32mBuilding CXX object CMakeFiles/sllidar_node.dir/sdk/src/hal/thread.cpp.o[0m
[4.431s] In file included from [01m[K/home/ros/ros2_ws/src/sllidar_ros2/./sdk/include/rplidar_protocol.h:36[m[K,
[4.432s]                  from [01m[K/home/ros/ros2_ws/src/sllidar_ros2/./sdk/include/rplidar.h:39[m[K,
[4.432s]                  from [01m[K/home/ros/ros2_ws/src/sllidar_ros2/./sdk/src/sdkcommon.h:49[m[K,
[4.432s]                  from [01m[K/home/ros/ros2_ws/src/sllidar_ros2/sdk/src/dataunpacker/unpacker/../dataunnpacker_commondef.h:41[m[K,
[4.433s]                  from [01m[K/home/ros/ros2_ws/src/sllidar_ros2/sdk/src/dataunpacker/unpacker/handler_normalnode.cpp:39[m[K:
[4.433s] [01m[K/home/ros/ros2_ws/src/sllidar_ros2/./sdk/include/sl_lidar_protocol.h:66:16:[m[K [01;35m[Kwarning: [m[KISO C++ forbids zero-size array ‘[01m[Kdata[m[K’ [[01;35m[K-Wpedantic[m[K]
[4.433s]    66 |     sl_u8 data[[01;35m[K0[m[K];
[4.433s]       |                [01;35m[K^[m[K
[4.433s] In file included from [01m[K/home/ros/ros2_ws/src/sllidar_ros2/./sdk/include/rplidar_cmd.h:36[m[K,
[4.433s]                  from [01m[K/home/ros/ros2_ws/src/sllidar_ros2/./sdk/include/rplidar.h:40[m[K,
[4.433s]                  from [01m[K/home/ros/ros2_ws/src/sllidar_ros2/./sdk/src/sdkcommon.h:49[m[K,
[4.434s]                  from [01m[K/home/ros/ros2_ws/src/sllidar_ros2/sdk/src/dataunpacker/unpacker/../dataunnpacker_commondef.h:41[m[K,
[4.434s]                  from [01m[K/home/ros/ros2_ws/src/sllidar_ros2/sdk/src/dataunpacker/unpacker/handler_normalnode.cpp:39[m[K:
[4.434s] [01m[K/home/ros/ros2_ws/src/sllidar_ros2/./sdk/include/sl_lidar_cmd.h:324:20:[m[K [01;35m[Kwarning: [m[KISO C++ forbids zero-size array ‘[01m[Kpayload[m[K’ [[01;35m[K-Wpedantic[m[K]
[4.435s]   324 |     sl_u8  payload[[01;35m[K0[m[K];
[4.435s]       |                    [01;35m[K^[m[K
[4.714s] In file included from [01m[K/home/ros/ros2_ws/src/sllidar_ros2/sdk/src/dataunpacker/unpacker/handler_normalnode.cpp:40[m[K:
[4.714s] [01m[K/home/ros/ros2_ws/src/sllidar_ros2/sdk/src/dataunpacker/unpacker/../dataunpacker.h:[m[K In member function ‘[01m[Kvirtual void sl::internal::LIDARSampleDataListener::onCustomSampleDataDecoded(_u8, _u32, const void*, size_t)[m[K’:
[4.714s] [01m[K/home/ros/ros2_ws/src/sllidar_ros2/sdk/src/dataunpacker/unpacker/../dataunpacker.h:54:52:[m[K [01;35m[Kwarning: [m[Kunused parameter ‘[01m[KansType[m[K’ [[01;35m[K-Wunused-parameter[m[K]
[4.715s]    54 |         virtual void onCustomSampleDataDecoded([01;35m[K_u8 ansType[m[K, _u32 customCode, const void* data, size_t size) {}
[4.715s]       |                                                [01;35m[K~~~~^~~~~~~[m[K
[4.715s] [01m[K/home/ros/ros2_ws/src/sllidar_ros2/sdk/src/dataunpacker/unpacker/../dataunpacker.h:54:66:[m[K [01;35m[Kwarning: [m[Kunused parameter ‘[01m[KcustomCode[m[K’ [[01;35m[K-Wunused-parameter[m[K]
[4.715s]    54 |         virtual void onCustomSampleDataDecoded(_u8 ansType, [01;35m[K_u32 customCode[m[K, const void* data, size_t size) {}
[4.715s]       |                                                             [01;35m[K~~~~~^~~~~~~~~~[m[K
[4.715s] [01m[K/home/ros/ros2_ws/src/sllidar_ros2/sdk/src/dataunpacker/unpacker/../dataunpacker.h:54:90:[m[K [01;35m[Kwarning: [m[Kunused parameter ‘[01m[Kdata[m[K’ [[01;35m[K-Wunused-parameter[m[K]
[4.715s]    54 |         virtual void onCustomSampleDataDecoded(_u8 ansType, _u32 customCode, [01;35m[Kconst void* data[m[K, size_t size) {}
[4.715s]       |                                                                              [01;35m[K~~~~~~~~~~~~^~~~[m[K
[4.716s] [01m[K/home/ros/ros2_ws/src/sllidar_ros2/sdk/src/dataunpacker/unpacker/../dataunpacker.h:54:103:[m[K [01;35m[Kwarning: [m[Kunused parameter ‘[01m[Ksize[m[K’ [[01;35m[K-Wunused-parameter[m[K]
[4.716s]    54 |         virtual void onCustomSampleDataDecoded(_u8 ansType, _u32 customCode, const void* data, [01;35m[Ksize_t size[m[K) {}
[4.716s]       |                                                                                                [01;35m[K~~~~~~~^~~~[m[K
[4.716s] [01m[K/home/ros/ros2_ws/src/sllidar_ros2/sdk/src/dataunpacker/unpacker/../dataunpacker.h:[m[K In member function ‘[01m[Kvirtual void sl::internal::LIDARSampleDataListener::onDecodingError(int, _u8, const void*, size_t)[m[K’:
[4.716s] [01m[K/home/ros/ros2_ws/src/sllidar_ros2/sdk/src/dataunpacker/unpacker/../dataunpacker.h:56:42:[m[K [01;35m[Kwarning: [m[Kunused parameter ‘[01m[KerrMsg[m[K’ [[01;35m[K-Wunused-parameter[m[K]
[4.716s]    56 |         virtual void onDecodingError([01;35m[Kint errMsg[m[K, _u8 ansType, const void* payload, size_t size) {}
[4.716s]       |                                      [01;35m[K~~~~^~~~~~[m[K
[4.716s] [01m[K/home/ros/ros2_ws/src/sllidar_ros2/sdk/src/dataunpacker/unpacker/../dataunpacker.h:56:54:[m[K [01;35m[Kwarning: [m[Kunused parameter ‘[01m[KansType[m[K’ [[01;35m[K-Wunused-parameter[m[K]
[4.716s]    56 |         virtual void onDecodingError(int errMsg, [01;35m[K_u8 ansType[m[K, const void* payload, size_t size) {}
[4.716s]       |                                                  [01;35m[K~~~~^~~~~~~[m[K
[4.716s] [01m[K/home/ros/ros2_ws/src/sllidar_ros2/sdk/src/dataunpacker/unpacker/../dataunpacker.h:56:75:[m[K [01;35m[Kwarning: [m[Kunused parameter ‘[01m[Kpayload[m[K’ [[01;35m[K-Wunused-parameter[m[K]
[4.716s]    56 |         virtual void onDecodingError(int errMsg, _u8 ansType, [01;35m[Kconst void* payload[m[K, size_t size) {}
[4.717s]       |                                                               [01;35m[K~~~~~~~~~~~~^~~~~~~[m[K
[4.717s] [01m[K/home/ros/ros2_ws/src/sllidar_ros2/sdk/src/dataunpacker/unpacker/../dataunpacker.h:56:91:[m[K [01;35m[Kwarning: [m[Kunused parameter ‘[01m[Ksize[m[K’ [[01;35m[K-Wunused-parameter[m[K]
[4.717s]    56 |         virtual void onDecodingError(int errMsg, _u8 ansType, const void* payload, [01;35m[Ksize_t size[m[K) {}
[4.717s]       |                                                                                    [01;35m[K~~~~~~~^~~~[m[K
[4.842s] In file included from [01m[K/home/ros/ros2_ws/src/sllidar_ros2/./sdk/include/rplidar_protocol.h:36[m[K,
[4.842s]                  from [01m[K/home/ros/ros2_ws/src/sllidar_ros2/./sdk/include/rplidar.h:39[m[K,
[4.842s]                  from [01m[K/home/ros/ros2_ws/src/sllidar_ros2/./sdk/src/sdkcommon.h:49[m[K,
[4.842s]                  from [01m[K/home/ros/ros2_ws/src/sllidar_ros2/sdk/src/hal/thread.cpp:35[m[K:
[4.842s] [01m[K/home/ros/ros2_ws/src/sllidar_ros2/./sdk/include/sl_lidar_protocol.h:66:16:[m[K [01;35m[Kwarning: [m[KISO C++ forbids zero-size array ‘[01m[Kdata[m[K’ [[01;35m[K-Wpedantic[m[K]
[4.842s]    66 |     sl_u8 data[[01;35m[K0[m[K];
[4.842s]       |                [01;35m[K^[m[K
[4.842s] In file included from [01m[K/home/ros/ros2_ws/src/sllidar_ros2/./sdk/include/rplidar_cmd.h:36[m[K,
[4.842s]                  from [01m[K/home/ros/ros2_ws/src/sllidar_ros2/./sdk/include/rplidar.h:40[m[K,
[4.843s]                  from [01m[K/home/ros/ros2_ws/src/sllidar_ros2/./sdk/src/sdkcommon.h:49[m[K,
[4.843s]                  from [01m[K/home/ros/ros2_ws/src/sllidar_ros2/sdk/src/hal/thread.cpp:35[m[K:
[4.843s] [01m[K/home/ros/ros2_ws/src/sllidar_ros2/./sdk/include/sl_lidar_cmd.h:324:20:[m[K [01;35m[Kwarning: [m[KISO C++ forbids zero-size array ‘[01m[Kpayload[m[K’ [[01;35m[K-Wpedantic[m[K]
[4.843s]   324 |     sl_u8  payload[[01;35m[K0[m[K];
[4.843s]       |                    [01;35m[K^[m[K
[4.913s] [ 55%] [32mBuilding CXX object CMakeFiles/sllidar_node.dir/sdk/src/rplidar_driver.cpp.o[0m
[4.923s] In file included from [01m[K/home/ros/ros2_ws/src/sllidar_ros2/sdk/src/hal/thread.cpp:43[m[K:
[4.924s] [01m[K/home/ros/ros2_ws/src/sllidar_ros2/./sdk/src/arch/linux/thread.hpp:[m[K In static member function ‘[01m[Kstatic rp::hal::Thread rp::hal::Thread::create(thread_proc_t, void*)[m[K’:
[4.924s] [01m[K/home/ros/ros2_ws/src/sllidar_ros2/./sdk/src/arch/linux/thread.hpp:52:57:[m[K [01;35m[Kwarning: [m[Kcast between incompatible function types from ‘[01m[Kthread_proc_t[m[K’ {aka ‘[01m[Klong unsigned int (*)(void*)[m[K’} to ‘[01m[Kvoid* (*)(void*)[m[K’ [[01;35m[K-Wcast-function-type[m[K]
[4.924s]    52 |     pthread_create((pthread_t *)&newborn._handle, NULL, [01;35m[K(void * (*)(void *))proc[m[K, data);
[4.924s]       |                                                         [01;35m[K^~~~~~~~~~~~~~~~~~~~~~~~[m[K
[4.924s] [01m[K/home/ros/ros2_ws/src/sllidar_ros2/./sdk/src/arch/linux/thread.hpp:[m[K In member function ‘[01m[Ku_result rp::hal::Thread::join(long unsigned int)[m[K’:
[4.924s] [01m[K/home/ros/ros2_ws/src/sllidar_ros2/./sdk/src/arch/linux/thread.hpp:176:37:[m[K [01;35m[Kwarning: [m[Kunused parameter ‘[01m[Ktimeout[m[K’ [[01;35m[K-Wunused-parameter[m[K]
[4.924s]   176 | u_result Thread::join([01;35m[Kunsigned long timeout[m[K)
[4.924s]       |                       [01;35m[K~~~~~~~~~~~~~~^~~~~~~[m[K
[5.038s] [ 60%] [32mBuilding CXX object CMakeFiles/sllidar_node.dir/sdk/src/sl_async_transceiver.cpp.o[0m
[5.451s] In file included from [01m[K/home/ros/ros2_ws/src/sllidar_ros2/./sdk/include/sl_lidar_cmd.h:41[m[K,
[5.451s]                  from [01m[K/home/ros/ros2_ws/src/sllidar_ros2/./sdk/include/sl_lidar_driver.h:54[m[K,
[5.451s]                  from [01m[K/home/ros/ros2_ws/src/sllidar_ros2/./sdk/include/sl_lidar.h:36[m[K,
[5.451s]                  from [01m[K/home/ros/ros2_ws/src/sllidar_ros2/src/sllidar_node.cpp:38[m[K:
[5.451s] [01m[K/home/ros/ros2_ws/src/sllidar_ros2/./sdk/include/sl_lidar_protocol.h:66:16:[m[K [01;35m[Kwarning: [m[KISO C++ forbids zero-size array ‘[01m[Kdata[m[K’ [[01;35m[K-Wpedantic[m[K]
[5.451s]    66 |     sl_u8 data[[01;35m[K0[m[K];
[5.451s]       |                [01;35m[K^[m[K
[5.455s] In file included from [01m[K/home/ros/ros2_ws/src/sllidar_ros2/./sdk/include/sl_lidar_driver.h:54[m[K,
[5.456s]                  from [01m[K/home/ros/ros2_ws/src/sllidar_ros2/./sdk/include/sl_lidar.h:36[m[K,
[5.456s]                  from [01m[K/home/ros/ros2_ws/src/sllidar_ros2/src/sllidar_node.cpp:38[m[K:
[5.456s] [01m[K/home/ros/ros2_ws/src/sllidar_ros2/./sdk/include/sl_lidar_cmd.h:324:20:[m[K [01;35m[Kwarning: [m[KISO C++ forbids zero-size array ‘[01m[Kpayload[m[K’ [[01;35m[K-Wpedantic[m[K]
[5.456s]   324 |     sl_u8  payload[[01;35m[K0[m[K];
[5.456s]       |                    [01;35m[K^[m[K
[5.457s] In file included from [01m[K/home/ros/ros2_ws/src/sllidar_ros2/./sdk/include/rplidar_protocol.h:36[m[K,
[5.457s]                  from [01m[K/home/ros/ros2_ws/src/sllidar_ros2/./sdk/include/rplidar.h:39[m[K,
[5.457s]                  from [01m[K/home/ros/ros2_ws/src/sllidar_ros2/sdk/src/sdkcommon.h:49[m[K,
[5.457s]                  from [01m[K/home/ros/ros2_ws/src/sllidar_ros2/sdk/src/rplidar_driver.cpp:33[m[K:
[5.457s] [01m[K/home/ros/ros2_ws/src/sllidar_ros2/./sdk/include/sl_lidar_protocol.h:66:16:[m[K [01;35m[Kwarning: [m[KISO C++ forbids zero-size array ‘[01m[Kdata[m[K’ [[01;35m[K-Wpedantic[m[K]
[5.457s]    66 |     sl_u8 data[[01;35m[K0[m[K];
[5.457s]       |                [01;35m[K^[m[K
[5.458s] In file included from [01m[K/home/ros/ros2_ws/src/sllidar_ros2/./sdk/include/rplidar_cmd.h:36[m[K,
[5.458s]                  from [01m[K/home/ros/ros2_ws/src/sllidar_ros2/./sdk/include/rplidar.h:40[m[K,
[5.458s]                  from [01m[K/home/ros/ros2_ws/src/sllidar_ros2/sdk/src/sdkcommon.h:49[m[K,
[5.458s]                  from [01m[K/home/ros/ros2_ws/src/sllidar_ros2/sdk/src/rplidar_driver.cpp:33[m[K:
[5.458s] [01m[K/home/ros/ros2_ws/src/sllidar_ros2/./sdk/include/sl_lidar_cmd.h:324:20:[m[K [01;35m[Kwarning: [m[KISO C++ forbids zero-size array ‘[01m[Kpayload[m[K’ [[01;35m[K-Wpedantic[m[K]
[5.458s]   324 |     sl_u8  payload[[01;35m[K0[m[K];
[5.458s]       |                    [01;35m[K^[m[K
[5.569s] In file included from [01m[K/home/ros/ros2_ws/src/sllidar_ros2/./sdk/include/rplidar_protocol.h:36[m[K,
[5.569s]                  from [01m[K/home/ros/ros2_ws/src/sllidar_ros2/./sdk/include/rplidar.h:39[m[K,
[5.569s]                  from [01m[K/home/ros/ros2_ws/src/sllidar_ros2/sdk/src/sdkcommon.h:49[m[K,
[5.569s]                  from [01m[K/home/ros/ros2_ws/src/sllidar_ros2/sdk/src/sl_async_transceiver.cpp:35[m[K:
[5.569s] [01m[K/home/ros/ros2_ws/src/sllidar_ros2/./sdk/include/sl_lidar_protocol.h:66:16:[m[K [01;35m[Kwarning: [m[KISO C++ forbids zero-size array ‘[01m[Kdata[m[K’ [[01;35m[K-Wpedantic[m[K]
[5.569s]    66 |     sl_u8 data[[01;35m[K0[m[K];
[5.569s]       |                [01;35m[K^[m[K
[5.570s] In file included from [01m[K/home/ros/ros2_ws/src/sllidar_ros2/./sdk/include/rplidar_cmd.h:36[m[K,
[5.570s]                  from [01m[K/home/ros/ros2_ws/src/sllidar_ros2/./sdk/include/rplidar.h:40[m[K,
[5.570s]                  from [01m[K/home/ros/ros2_ws/src/sllidar_ros2/sdk/src/sdkcommon.h:49[m[K,
[5.570s]                  from [01m[K/home/ros/ros2_ws/src/sllidar_ros2/sdk/src/sl_async_transceiver.cpp:35[m[K:
[5.570s] [01m[K/home/ros/ros2_ws/src/sllidar_ros2/./sdk/include/sl_lidar_cmd.h:324:20:[m[K [01;35m[Kwarning: [m[KISO C++ forbids zero-size array ‘[01m[Kpayload[m[K’ [[01;35m[K-Wpedantic[m[K]
[5.570s]   324 |     sl_u8  payload[[01;35m[K0[m[K];
[5.570s]       |                    [01;35m[K^[m[K
[5.675s] [01m[K/home/ros/ros2_ws/src/sllidar_ros2/sdk/src/rplidar_driver.cpp:[m[K In member function ‘[01m[Ku_result rp::standalone::rplidar::RPlidarDriver::connect(const char*, _u32, _u32)[m[K’:
[5.676s] [01m[K/home/ros/ros2_ws/src/sllidar_ros2/sdk/src/rplidar_driver.cpp:67:77:[m[K [01;35m[Kwarning: [m[Kunused parameter ‘[01m[Kflag[m[K’ [[01;35m[K-Wunused-parameter[m[K]
[5.676s]    67 |     u_result RPlidarDriver::connect(const char *path, _u32 portOrBaud, [01;35m[K_u32 flag[m[K)
[5.676s]       |                                                                        [01;35m[K~~~~~^~~~[m[K
[5.676s] [01m[K/home/ros/ros2_ws/src/sllidar_ros2/sdk/src/rplidar_driver.cpp:[m[K In member function ‘[01m[Ku_result rp::standalone::rplidar::RPlidarDriver::reset(_u32)[m[K’:
[5.676s] [01m[K/home/ros/ros2_ws/src/sllidar_ros2/sdk/src/rplidar_driver.cpp:101:40:[m[K [01;35m[Kwarning: [m[Kunused parameter ‘[01m[Ktimeout[m[K’ [[01;35m[K-Wunused-parameter[m[K]
[5.676s]   101 |     u_result RPlidarDriver::reset([01;35m[K_u32 timeout[m[K)
[5.676s]       |                                   [01;35m[K~~~~~^~~~~~~[m[K
[5.678s] [01m[K/home/ros/ros2_ws/src/sllidar_ros2/sdk/src/rplidar_driver.cpp:[m[K In member function ‘[01m[Ku_result rp::standalone::rplidar::RPlidarDriver::getScanDataWithInterval(rplidar_response_measurement_node_t*, size_t&)[m[K’:
[5.678s] [01m[K/home/ros/ros2_ws/src/sllidar_ros2/sdk/src/rplidar_driver.cpp:180:91:[m[K [01;35m[Kwarning: [m[Kunused parameter ‘[01m[Knodebuffer[m[K’ [[01;35m[K-Wunused-parameter[m[K]
[5.678s]   180 |     u_result RPlidarDriver::getScanDataWithInterval([01;35m[Krplidar_response_measurement_node_t * nodebuffer[m[K, size_t & count)
[5.678s]       |                                                     [01;35m[K~~~~~~~~~~~~~~~~~~~~~~~~~~~~~~~~~~~~~~^~~~~~~~~~[m[K
[5.678s] [01m[K/home/ros/ros2_ws/src/sllidar_ros2/sdk/src/rplidar_driver.cpp:180:112:[m[K [01;35m[Kwarning: [m[Kunused parameter ‘[01m[Kcount[m[K’ [[01;35m[K-Wunused-parameter[m[K]
[5.678s]   180 |     u_result RPlidarDriver::getScanDataWithInterval(rplidar_response_measurement_node_t * nodebuffer, [01;35m[Ksize_t & count[m[K)
[5.678s]       |                                                                                                       [01;35m[K~~~~~~~~~^~~~~[m[K
[5.714s] In file included from [01m[K/home/ros/ros2_ws/src/sllidar_ros2/sdk/src/sl_async_transceiver.cpp:44[m[K:
[5.714s] [01m[K/home/ros/ros2_ws/src/sllidar_ros2/sdk/src/sl_async_transceiver.h:[m[K In member function ‘[01m[Kvirtual void sl::internal::IAsyncProtocolCodec::onChannelError(u_result)[m[K’:
[5.714s] [01m[K/home/ros/ros2_ws/src/sllidar_ros2/sdk/src/sl_async_transceiver.h:90:48:[m[K [01;35m[Kwarning: [m[Kunused parameter ‘[01m[KerrCode[m[K’ [[01;35m[K-Wunused-parameter[m[K]
[5.714s]    90 |         virtual void   onChannelError([01;35m[Ku_result errCode[m[K) {}
[5.714s]       |                                       [01;35m[K~~~~~~~~~^~~~~~~[m[K
[5.820s] [ 65%] [32mBuilding CXX object CMakeFiles/sllidar_node.dir/sdk/src/sl_crc.cpp.o[0m
[5.843s] In file included from [01m[K/home/ros/ros2_ws/src/sllidar_ros2/./sdk/include/sl_lidar_cmd.h:41[m[K,
[5.844s]                  from [01m[K/home/ros/ros2_ws/src/sllidar_ros2/./sdk/include/sl_crc.h:36[m[K,
[5.844s]                  from [01m[K/home/ros/ros2_ws/src/sllidar_ros2/sdk/src/sl_crc.cpp:33[m[K:
[5.844s] [01m[K/home/ros/ros2_ws/src/sllidar_ros2/./sdk/include/sl_lidar_protocol.h:66:16:[m[K [01;35m[Kwarning: [m[KISO C++ forbids zero-size array ‘[01m[Kdata[m[K’ [[01;35m[K-Wpedantic[m[K]
[5.844s]    66 |     sl_u8 data[[01;35m[K0[m[K];
[5.844s]       |                [01;35m[K^[m[K
[5.844s] In file included from [01m[K/home/ros/ros2_ws/src/sllidar_ros2/./sdk/include/sl_crc.h:36[m[K,
[5.844s]                  from [01m[K/home/ros/ros2_ws/src/sllidar_ros2/sdk/src/sl_crc.cpp:33[m[K:
[5.845s] [01m[K/home/ros/ros2_ws/src/sllidar_ros2/./sdk/include/sl_lidar_cmd.h:324:20:[m[K [01;35m[Kwarning: [m[KISO C++ forbids zero-size array ‘[01m[Kpayload[m[K’ [[01;35m[K-Wpedantic[m[K]
[5.845s]   324 |     sl_u8  payload[[01;35m[K0[m[K];
[5.845s]       |                    [01;35m[K^[m[K
[5.870s] [ 70%] [32mBuilding CXX object CMakeFiles/sllidar_node.dir/sdk/src/sl_lidar_driver.cpp.o[0m
[5.923s] [ 75%] [32mBuilding CXX object CMakeFiles/sllidar_node.dir/sdk/src/sl_lidarprotocol_codec.cpp.o[0m
[6.433s] In file included from [01m[K/home/ros/ros2_ws/src/sllidar_ros2/./sdk/include/rplidar_protocol.h:36[m[K,
[6.433s]                  from [01m[K/home/ros/ros2_ws/src/sllidar_ros2/./sdk/include/rplidar.h:39[m[K,
[6.433s]                  from [01m[K/home/ros/ros2_ws/src/sllidar_ros2/sdk/src/sdkcommon.h:49[m[K,
[6.433s]                  from [01m[K/home/ros/ros2_ws/src/sllidar_ros2/sdk/src/sl_lidar_driver.cpp:33[m[K:
[6.433s] [01m[K/home/ros/ros2_ws/src/sllidar_ros2/./sdk/include/sl_lidar_protocol.h:66:16:[m[K [01;35m[Kwarning: [m[KISO C++ forbids zero-size array ‘[01m[Kdata[m[K’ [[01;35m[K-Wpedantic[m[K]
[6.433s]    66 |     sl_u8 data[[01;35m[K0[m[K];
[6.433s]       |                [01;35m[K^[m[K
[6.434s] In file included from [01m[K/home/ros/ros2_ws/src/sllidar_ros2/./sdk/include/rplidar_cmd.h:36[m[K,
[6.434s]                  from [01m[K/home/ros/ros2_ws/src/sllidar_ros2/./sdk/include/rplidar.h:40[m[K,
[6.434s]                  from [01m[K/home/ros/ros2_ws/src/sllidar_ros2/sdk/src/sdkcommon.h:49[m[K,
[6.434s]                  from [01m[K/home/ros/ros2_ws/src/sllidar_ros2/sdk/src/sl_lidar_driver.cpp:33[m[K:
[6.434s] [01m[K/home/ros/ros2_ws/src/sllidar_ros2/./sdk/include/sl_lidar_cmd.h:324:20:[m[K [01;35m[Kwarning: [m[KISO C++ forbids zero-size array ‘[01m[Kpayload[m[K’ [[01;35m[K-Wpedantic[m[K]
[6.434s]   324 |     sl_u8  payload[[01;35m[K0[m[K];
[6.434s]       |                    [01;35m[K^[m[K
[6.457s] In file included from [01m[K/home/ros/ros2_ws/src/sllidar_ros2/./sdk/include/rplidar_protocol.h:36[m[K,
[6.457s]                  from [01m[K/home/ros/ros2_ws/src/sllidar_ros2/./sdk/include/rplidar.h:39[m[K,
[6.457s]                  from [01m[K/home/ros/ros2_ws/src/sllidar_ros2/sdk/src/sdkcommon.h:49[m[K,
[6.457s]                  from [01m[K/home/ros/ros2_ws/src/sllidar_ros2/sdk/src/sl_lidarprotocol_codec.cpp:35[m[K:
[6.457s] [01m[K/home/ros/ros2_ws/src/sllidar_ros2/./sdk/include/sl_lidar_protocol.h:66:16:[m[K [01;35m[Kwarning: [m[KISO C++ forbids zero-size array ‘[01m[Kdata[m[K’ [[01;35m[K-Wpedantic[m[K]
[6.457s]    66 |     sl_u8 data[[01;35m[K0[m[K];
[6.458s]       |                [01;35m[K^[m[K
[6.463s] In file included from [01m[K/home/ros/ros2_ws/src/sllidar_ros2/./sdk/include/rplidar_cmd.h:36[m[K,
[6.463s]                  from [01m[K/home/ros/ros2_ws/src/sllidar_ros2/./sdk/include/rplidar.h:40[m[K,
[6.464s]                  from [01m[K/home/ros/ros2_ws/src/sllidar_ros2/sdk/src/sdkcommon.h:49[m[K,
[6.464s]                  from [01m[K/home/ros/ros2_ws/src/sllidar_ros2/sdk/src/sl_lidarprotocol_codec.cpp:35[m[K:
[6.464s] [01m[K/home/ros/ros2_ws/src/sllidar_ros2/./sdk/include/sl_lidar_cmd.h:324:20:[m[K [01;35m[Kwarning: [m[KISO C++ forbids zero-size array ‘[01m[Kpayload[m[K’ [[01;35m[K-Wpedantic[m[K]
[6.464s]   324 |     sl_u8  payload[[01;35m[K0[m[K];
[6.464s]       |                    [01;35m[K^[m[K
[6.734s] In file included from [01m[K/home/ros/ros2_ws/src/sllidar_ros2/sdk/src/sl_lidarprotocol_codec.cpp:49[m[K:
[6.734s] [01m[K/home/ros/ros2_ws/src/sllidar_ros2/sdk/src/sl_async_transceiver.h:[m[K In member function ‘[01m[Kvirtual void sl::internal::IAsyncProtocolCodec::onChannelError(u_result)[m[K’:
[6.734s] [01m[K/home/ros/ros2_ws/src/sllidar_ros2/sdk/src/sl_async_transceiver.h:90:48:[m[K [01;35m[Kwarning: [m[Kunused parameter ‘[01m[KerrCode[m[K’ [[01;35m[K-Wunused-parameter[m[K]
[6.734s]    90 |         virtual void   onChannelError([01;35m[Ku_result errCode[m[K) {}
[6.735s]       |                                       [01;35m[K~~~~~~~~~^~~~~~~[m[K
[6.751s] In file included from [01m[K/home/ros/ros2_ws/src/sllidar_ros2/sdk/src/sl_lidar_driver.cpp:50[m[K:
[6.751s] [01m[K/home/ros/ros2_ws/src/sllidar_ros2/sdk/src/dataunpacker/dataunpacker.h:[m[K In member function ‘[01m[Kvirtual void sl::internal::LIDARSampleDataListener::onCustomSampleDataDecoded(_u8, _u32, const void*, size_t)[m[K’:
[6.751s] [01m[K/home/ros/ros2_ws/src/sllidar_ros2/sdk/src/dataunpacker/dataunpacker.h:54:52:[m[K [01;35m[Kwarning: [m[Kunused parameter ‘[01m[KansType[m[K’ [[01;35m[K-Wunused-parameter[m[K]
[6.751s]    54 |         virtual void onCustomSampleDataDecoded([01;35m[K_u8 ansType[m[K, _u32 customCode, const void* data, size_t size) {}
[6.751s]       |                                                [01;35m[K~~~~^~~~~~~[m[K
[6.751s] [01m[K/home/ros/ros2_ws/src/sllidar_ros2/sdk/src/dataunpacker/dataunpacker.h:54:66:[m[K [01;35m[Kwarning: [m[Kunused parameter ‘[01m[KcustomCode[m[K’ [[01;35m[K-Wunused-parameter[m[K]
[6.751s]    54 |         virtual void onCustomSampleDataDecoded(_u8 ansType, [01;35m[K_u32 customCode[m[K, const void* data, size_t size) {}
[6.751s]       |                                                             [01;35m[K~~~~~^~~~~~~~~~[m[K
[6.752s] [01m[K/home/ros/ros2_ws/src/sllidar_ros2/sdk/src/dataunpacker/dataunpacker.h:54:90:[m[K [01;35m[Kwarning: [m[Kunused parameter ‘[01m[Kdata[m[K’ [[01;35m[K-Wunused-parameter[m[K]
[6.752s]    54 |         virtual void onCustomSampleDataDecoded(_u8 ansType, _u32 customCode, [01;35m[Kconst void* data[m[K, size_t size) {}
[6.752s]       |                                                                              [01;35m[K~~~~~~~~~~~~^~~~[m[K
[6.752s] [01m[K/home/ros/ros2_ws/src/sllidar_ros2/sdk/src/dataunpacker/dataunpacker.h:54:103:[m[K [01;35m[Kwarning: [m[Kunused parameter ‘[01m[Ksize[m[K’ [[01;35m[K-Wunused-parameter[m[K]
[6.752s]    54 |         virtual void onCustomSampleDataDecoded(_u8 ansType, _u32 customCode, const void* data, [01;35m[Ksize_t size[m[K) {}
[6.752s]       |                                                                                                [01;35m[K~~~~~~~^~~~[m[K
[6.752s] [01m[K/home/ros/ros2_ws/src/sllidar_ros2/sdk/src/dataunpacker/dataunpacker.h:[m[K In member function ‘[01m[Kvirtual void sl::internal::LIDARSampleDataListener::onDecodingError(int, _u8, const void*, size_t)[m[K’:
[6.755s] [01m[K/home/ros/ros2_ws/src/sllidar_ros2/sdk/src/dataunpacker/dataunpacker.h:56:42:[m[K [01;35m[Kwarning: [m[Kunused parameter ‘[01m[KerrMsg[m[K’ [[01;35m[K-Wunused-parameter[m[K]
[6.755s]    56 |         virtual void onDecodingError([01;35m[Kint errMsg[m[K, _u8 ansType, const void* payload, size_t size) {}
[6.755s]       |                                      [01;35m[K~~~~^~~~~~[m[K
[6.755s] [01m[K/home/ros/ros2_ws/src/sllidar_ros2/sdk/src/dataunpacker/dataunpacker.h:56:54:[m[K [01;35m[Kwarning: [m[Kunused parameter ‘[01m[KansType[m[K’ [[01;35m[K-Wunused-parameter[m[K]
[6.755s]    56 |         virtual void onDecodingError(int errMsg, [01;35m[K_u8 ansType[m[K, const void* payload, size_t size) {}
[6.755s]       |                                                  [01;35m[K~~~~^~~~~~~[m[K
[6.755s] [01m[K/home/ros/ros2_ws/src/sllidar_ros2/sdk/src/dataunpacker/dataunpacker.h:56:75:[m[K [01;35m[Kwarning: [m[Kunused parameter ‘[01m[Kpayload[m[K’ [[01;35m[K-Wunused-parameter[m[K]
[6.755s]    56 |         virtual void onDecodingError(int errMsg, _u8 ansType, [01;35m[Kconst void* payload[m[K, size_t size) {}
[6.756s]       |                                                               [01;35m[K~~~~~~~~~~~~^~~~~~~[m[K
[6.756s] [01m[K/home/ros/ros2_ws/src/sllidar_ros2/sdk/src/dataunpacker/dataunpacker.h:56:91:[m[K [01;35m[Kwarning: [m[Kunused parameter ‘[01m[Ksize[m[K’ [[01;35m[K-Wunused-parameter[m[K]
[6.756s]    56 |         virtual void onDecodingError(int errMsg, _u8 ansType, const void* payload, [01;35m[Ksize_t size[m[K) {}
[6.756s]       |                                                                                    [01;35m[K~~~~~~~^~~~[m[K
[6.767s] In file included from [01m[K/home/ros/ros2_ws/src/sllidar_ros2/sdk/src/sl_lidar_driver.cpp:51[m[K:
[6.767s] [01m[K/home/ros/ros2_ws/src/sllidar_ros2/sdk/src/sl_async_transceiver.h:[m[K In member function ‘[01m[Kvirtual void sl::internal::IAsyncProtocolCodec::onChannelError(u_result)[m[K’:
[6.768s] [01m[K/home/ros/ros2_ws/src/sllidar_ros2/sdk/src/sl_async_transceiver.h:90:48:[m[K [01;35m[Kwarning: [m[Kunused parameter ‘[01m[KerrCode[m[K’ [[01;35m[K-Wunused-parameter[m[K]
[6.768s]    90 |         virtual void   onChannelError([01;35m[Ku_result errCode[m[K) {}
[6.768s]       |                                       [01;35m[K~~~~~~~~~^~~~~~~[m[K
[6.798s] [01m[K/home/ros/ros2_ws/src/sllidar_ros2/sdk/src/sl_lidar_driver.cpp:[m[K In member function ‘[01m[Kvirtual sl_result sl::SlamtecLidarDriver::reset(sl_u32)[m[K’:
[6.798s] [01m[K/home/ros/ros2_ws/src/sllidar_ros2/sdk/src/sl_lidar_driver.cpp:511:32:[m[K [01;35m[Kwarning: [m[Kunused parameter ‘[01m[KtimeoutInMs[m[K’ [[01;35m[K-Wunused-parameter[m[K]
[6.798s]   511 |         sl_result reset([01;35m[Ksl_u32 timeoutInMs = DEFAULT_TIMEOUT[m[K)
[6.798s]       |                         [01;35m[K~~~~~~~^~~~~~~~~~~~~~~~~~~~~~~~~~~~~[m[K
[6.803s] [01m[K/home/ros/ros2_ws/src/sllidar_ros2/sdk/src/sl_lidar_driver.cpp:[m[K In member function ‘[01m[Kvirtual sl_result sl::SlamtecLidarDriver::startScan(bool, bool, sl_u32, sl::LidarScanMode*)[m[K’:
[6.804s] [01m[K/home/ros/ros2_ws/src/sllidar_ros2/sdk/src/sl_lidar_driver.cpp:586:69:[m[K [01;35m[Kwarning: [m[Kunused parameter ‘[01m[Koptions[m[K’ [[01;35m[K-Wunused-parameter[m[K]
[6.804s]   586 |         sl_result startScan(bool force, bool useTypicalScan, [01;35m[Ksl_u32 options = 0[m[K, LidarScanMode* outUsedScanMode = nullptr)
[6.804s]       |                                                              [01;35m[K~~~~~~~^~~~~~~~~~~[m[K
[6.806s] [01m[K/home/ros/ros2_ws/src/sllidar_ros2/sdk/src/sl_lidar_driver.cpp:[m[K In member function ‘[01m[Kvirtual sl_result sl::SlamtecLidarDriver::stop(sl_u32)[m[K’:
[6.806s] [01m[K/home/ros/ros2_ws/src/sllidar_ros2/sdk/src/sl_lidar_driver.cpp:763:31:[m[K [01;35m[Kwarning: [m[Kunused parameter ‘[01m[Ktimeout[m[K’ [[01;35m[K-Wunused-parameter[m[K]
[6.807s]   763 |         sl_result stop([01;35m[Ksl_u32 timeout = DEFAULT_TIMEOUT[m[K)
[6.807s]       |                        [01;35m[K~~~~~~~^~~~~~~~~~~~~~~~~~~~~~~~~[m[K
[6.809s] [01m[K/home/ros/ros2_ws/src/sllidar_ros2/sdk/src/sl_lidar_driver.cpp:[m[K In member function ‘[01m[Kvirtual sl_result sl::SlamtecLidarDriver::getFrequency(const sl::LidarScanMode&, const sl_lidar_response_measurement_node_hq_t*, size_t, float&)[m[K’:
[6.809s] [01m[K/home/ros/ros2_ws/src/sllidar_ros2/sdk/src/sl_lidar_driver.cpp:880:110:[m[K [01;35m[Kwarning: [m[Kunused parameter ‘[01m[Knodes[m[K’ [[01;35m[K-Wunused-parameter[m[K]
[6.809s]   880 |         sl_result getFrequency(const LidarScanMode& scanMode, [01;35m[Kconst sl_lidar_response_measurement_node_hq_t* nodes[m[K, size_t count, float& frequency)
[6.809s]       |                                                               [01;35m[K~~~~~~~~~~~~~~~~~~~~~~~~~~~~~~~~~~~~~~~~~~~~~~~^~~~~[m[K
[6.813s] [01m[K/home/ros/ros2_ws/src/sllidar_ros2/sdk/src/sl_lidar_driver.cpp:[m[K In member function ‘[01m[Kvirtual sl_result sl::SlamtecLidarDriver::getMotorInfo(sl::LidarMotorInfo&, sl_u32)[m[K’:
[6.813s] [01m[K/home/ros/ros2_ws/src/sllidar_ros2/sdk/src/sl_lidar_driver.cpp:1023:66:[m[K [01;35m[Kwarning: [m[Kunused parameter ‘[01m[KtimeoutInMs[m[K’ [[01;35m[K-Wunused-parameter[m[K]
[6.813s]  1023 |         sl_result getMotorInfo(LidarMotorInfo &motorInfo, [01;35m[Ksl_u32 timeoutInMs[m[K)
[6.813s]       |                                                           [01;35m[K~~~~~~~^~~~~~~~~~~[m[K
[6.815s] [01m[K/home/ros/ros2_ws/src/sllidar_ros2/sdk/src/sl_lidar_driver.cpp:[m[K In member function ‘[01m[Ku_result sl::SlamtecLidarDriver::getScanModeCount(sl_u16&, sl_u32)[m[K’:
[6.815s] [01m[K/home/ros/ros2_ws/src/sllidar_ros2/sdk/src/sl_lidar_driver.cpp:1199:61:[m[K [01;35m[Kwarning: [m[Kunused parameter ‘[01m[KtimeoutInMs[m[K’ [[01;35m[K-Wunused-parameter[m[K]
[6.815s]  1199 |         u_result getScanModeCount(sl_u16& modeCount, [01;35m[Ksl_u32 timeoutInMs = DEFAULT_TIMEOUT[m[K)
[6.815s]       |                                                      [01;35m[K~~~~~~~^~~~~~~~~~~~~~~~~~~~~~~~~~~~~[m[K
[6.883s] /home/ros/ros2_ws/src/sllidar_ros2/sdk/src/sl_lidar_driver.cpp: In instantiation of ‘[01m[Kvoid sl::RawSampleNodeHolder<T>::pushNode(_u64, const T*) [with T = sl_lidar_response_measurement_node_hq_t; _u64 = long unsigned int][m[K’:
[6.887s] [01m[K/home/ros/ros2_ws/src/sllidar_ros2/sdk/src/sl_lidar_driver.cpp:1648:42:[m[K   required from here
[6.887s] [01m[K/home/ros/ros2_ws/src/sllidar_ros2/sdk/src/sl_lidar_driver.cpp:202:28:[m[K [01;35m[Kwarning: [m[Kunused parameter ‘[01m[Ktimestamp_uS[m[K’ [[01;35m[K-Wunused-parameter[m[K]
[6.888s]   202 |         void pushNode([01;35m[K_u64 timestamp_uS[m[K, const T* node)
[6.888s]       |                       [01;35m[K~~~~~^~~~~~~~~~~~[m[K
[6.898s] [ 80%] [32mBuilding CXX object CMakeFiles/sllidar_node.dir/sdk/src/sl_serial_channel.cpp.o[0m
[7.057s] [01m[K/home/ros/ros2_ws/src/sllidar_ros2/sdk/src/sl_lidar_driver.cpp:[m[K At global scope:
[7.058s] [01m[K/home/ros/ros2_ws/src/sllidar_ros2/sdk/src/sl_lidar_driver.cpp:83:17:[m[K [01;35m[Kwarning: [m[K‘[01m[Kvoid sl::convert(const sl_lidar_response_measurement_node_hq_t&, sl_lidar_response_measurement_node_t&)[m[K’ defined but not used [[01;35m[K-Wunused-function[m[K]
[7.058s]    83 |     static void [01;35m[Kconvert[m[K(const sl_lidar_response_measurement_node_hq_t& from, sl_lidar_response_measurement_node_t& to)
[7.058s]       |                 [01;35m[K^~~~~~~[m[K
[7.058s] [01m[K/home/ros/ros2_ws/src/sllidar_ros2/sdk/src/sl_lidar_driver.cpp:75:17:[m[K [01;35m[Kwarning: [m[K‘[01m[Kvoid sl::convert(const sl_lidar_response_measurement_node_t&, sl_lidar_response_measurement_node_hq_t&)[m[K’ defined but not used [[01;35m[K-Wunused-function[m[K]
[7.058s]    75 |     static void [01;35m[Kconvert[m[K(const sl_lidar_response_measurement_node_t& from, sl_lidar_response_measurement_node_hq_t& to)
[7.058s]       |                 [01;35m[K^~~~~~~[m[K
[7.058s] [01m[K/home/ros/ros2_ws/src/sllidar_ros2/sdk/src/sl_lidar_driver.cpp:70:17:[m[K [01;35m[Kwarning: [m[K‘[01m[Kvoid sl::printDeprecationWarn(const char*, const char*)[m[K’ defined but not used [[01;35m[K-Wunused-function[m[K]
[7.058s]    70 |     static void [01;35m[KprintDeprecationWarn[m[K(const char* fn, const char* replacement)
[7.058s]       |                 [01;35m[K^~~~~~~~~~~~~~~~~~~~[m[K
[7.262s] In file included from [01m[K/home/ros/ros2_ws/src/sllidar_ros2/./sdk/include/sl_lidar_cmd.h:41[m[K,
[7.262s]                  from [01m[K/home/ros/ros2_ws/src/sllidar_ros2/./sdk/include/sl_lidar_driver.h:54[m[K,
[7.262s]                  from [01m[K/home/ros/ros2_ws/src/sllidar_ros2/sdk/src/sl_serial_channel.cpp:33[m[K:
[7.263s] [01m[K/home/ros/ros2_ws/src/sllidar_ros2/./sdk/include/sl_lidar_protocol.h:66:16:[m[K [01;35m[Kwarning: [m[KISO C++ forbids zero-size array ‘[01m[Kdata[m[K’ [[01;35m[K-Wpedantic[m[K]
[7.264s]    66 |     sl_u8 data[[01;35m[K0[m[K];
[7.264s]       |                [01;35m[K^[m[K
[7.264s] In file included from [01m[K/home/ros/ros2_ws/src/sllidar_ros2/./sdk/include/sl_lidar_driver.h:54[m[K,
[7.264s]                  from [01m[K/home/ros/ros2_ws/src/sllidar_ros2/sdk/src/sl_serial_channel.cpp:33[m[K:
[7.264s] [01m[K/home/ros/ros2_ws/src/sllidar_ros2/./sdk/include/sl_lidar_cmd.h:324:20:[m[K [01;35m[Kwarning: [m[KISO C++ forbids zero-size array ‘[01m[Kpayload[m[K’ [[01;35m[K-Wpedantic[m[K]
[7.264s]   324 |     sl_u8  payload[[01;35m[K0[m[K];
[7.271s]       |                    [01;35m[K^[m[K
[7.360s] [ 85%] [32mBuilding CXX object CMakeFiles/sllidar_node.dir/sdk/src/sl_tcp_channel.cpp.o[0m
[7.749s] In file included from [01m[K/home/ros/ros2_ws/src/sllidar_ros2/./sdk/include/sl_lidar_cmd.h:41[m[K,
[7.749s]                  from [01m[K/home/ros/ros2_ws/src/sllidar_ros2/./sdk/include/sl_lidar_driver.h:54[m[K,
[7.750s]                  from [01m[K/home/ros/ros2_ws/src/sllidar_ros2/sdk/src/sl_tcp_channel.cpp:33[m[K:
[7.750s] [01m[K/home/ros/ros2_ws/src/sllidar_ros2/./sdk/include/sl_lidar_protocol.h:66:16:[m[K [01;35m[Kwarning: [m[KISO C++ forbids zero-size array ‘[01m[Kdata[m[K’ [[01;35m[K-Wpedantic[m[K]
[7.750s]    66 |     sl_u8 data[[01;35m[K0[m[K];
[7.750s]       |                [01;35m[K^[m[K
[7.751s] [ 90%] [32mBuilding CXX object CMakeFiles/sllidar_node.dir/sdk/src/sl_udp_channel.cpp.o[0m
[7.752s] In file included from [01m[K/home/ros/ros2_ws/src/sllidar_ros2/./sdk/include/sl_lidar_driver.h:54[m[K,
[7.755s]                  from [01m[K/home/ros/ros2_ws/src/sllidar_ros2/sdk/src/sl_tcp_channel.cpp:33[m[K:
[7.756s] [01m[K/home/ros/ros2_ws/src/sllidar_ros2/./sdk/include/sl_lidar_cmd.h:324:20:[m[K [01;35m[Kwarning: [m[KISO C++ forbids zero-size array ‘[01m[Kpayload[m[K’ [[01;35m[K-Wpedantic[m[K]
[7.756s]   324 |     sl_u8  payload[[01;35m[K0[m[K];
[7.756s]       |                    [01;35m[K^[m[K
[7.762s] [01m[K/home/ros/ros2_ws/src/sllidar_ros2/sdk/src/sl_tcp_channel.cpp:[m[K In member function ‘[01m[Kvoid sl::TcpChannel::setStatus(_u32)[m[K’:
[7.762s] [01m[K/home/ros/ros2_ws/src/sllidar_ros2/sdk/src/sl_tcp_channel.cpp:109:29:[m[K [01;35m[Kwarning: [m[Kunused parameter ‘[01m[Kflag[m[K’ [[01;35m[K-Wunused-parameter[m[K]
[7.762s]   109 |         void setStatus([01;35m[K_u32 flag[m[K){}
[7.763s]       |                        [01;35m[K~~~~~^~~~[m[K
[8.072s] In file included from [01m[K/home/ros/ros2_ws/src/sllidar_ros2/./sdk/include/sl_lidar_cmd.h:41[m[K,
[8.072s]                  from [01m[K/home/ros/ros2_ws/src/sllidar_ros2/./sdk/include/sl_lidar_driver.h:54[m[K,
[8.072s]                  from [01m[K/home/ros/ros2_ws/src/sllidar_ros2/sdk/src/sl_udp_channel.cpp:33[m[K:
[8.072s] [01m[K/home/ros/ros2_ws/src/sllidar_ros2/./sdk/include/sl_lidar_protocol.h:66:16:[m[K [01;35m[Kwarning: [m[KISO C++ forbids zero-size array ‘[01m[Kdata[m[K’ [[01;35m[K-Wpedantic[m[K]
[8.073s]    66 |     sl_u8 data[[01;35m[K0[m[K];
[8.073s]       |                [01;35m[K^[m[K
[8.073s] In file included from [01m[K/home/ros/ros2_ws/src/sllidar_ros2/./sdk/include/sl_lidar_driver.h:54[m[K,
[8.073s]                  from [01m[K/home/ros/ros2_ws/src/sllidar_ros2/sdk/src/sl_udp_channel.cpp:33[m[K:
[8.073s] [01m[K/home/ros/ros2_ws/src/sllidar_ros2/./sdk/include/sl_lidar_cmd.h:324:20:[m[K [01;35m[Kwarning: [m[KISO C++ forbids zero-size array ‘[01m[Kpayload[m[K’ [[01;35m[K-Wpedantic[m[K]
[8.073s]   324 |     sl_u8  payload[[01;35m[K0[m[K];
[8.073s]       |                    [01;35m[K^[m[K
[8.079s] [01m[K/home/ros/ros2_ws/src/sllidar_ros2/sdk/src/sl_udp_channel.cpp:[m[K In member function ‘[01m[Kvoid sl::UdpChannel::setStatus(_u32)[m[K’:
[8.079s] [01m[K/home/ros/ros2_ws/src/sllidar_ros2/sdk/src/sl_udp_channel.cpp:112:29:[m[K [01;35m[Kwarning: [m[Kunused parameter ‘[01m[Kflag[m[K’ [[01;35m[K-Wunused-parameter[m[K]
[8.079s]   112 |         void setStatus([01;35m[K_u32 flag[m[K){}
[8.079s]       |                        [01;35m[K~~~~~^~~~[m[K
[9.590s] [ 95%] [32m[1mLinking CXX executable sllidar_node[0m
[10.209s] [ 95%] Built target sllidar_node
[13.512s] [100%] [32m[1mLinking CXX executable sllidar_client[0m
[14.181s] [100%] Built target sllidar_client
[14.191s] Invoked command in '/home/ros/ros2_ws/build/sllidar_ros2' returned '0': CMAKE_PREFIX_PATH=/opt/ros/humble /usr/bin/cmake --build /home/ros/ros2_ws/build/sllidar_ros2 -- -j4 -l4
[14.200s] Invoking command in '/home/ros/ros2_ws/build/sllidar_ros2': CMAKE_PREFIX_PATH=/opt/ros/humble /usr/bin/cmake --install /home/ros/ros2_ws/build/sllidar_ros2
[14.208s] -- Install configuration: ""
[14.208s] -- Installing: /home/ros/ros2_ws/install/sllidar_ros2/share/sllidar_ros2/launch
[14.208s] -- Installing: /home/ros/ros2_ws/install/sllidar_ros2/share/sllidar_ros2/launch/sllidar_s1_launch.py
[14.208s] -- Installing: /home/ros/ros2_ws/install/sllidar_ros2/share/sllidar_ros2/launch/sllidar_s1_tcp_launch.py
[14.208s] -- Installing: /home/ros/ros2_ws/install/sllidar_ros2/share/sllidar_ros2/launch/sllidar_a1_launch.py
[14.208s] -- Installing: /home/ros/ros2_ws/install/sllidar_ros2/share/sllidar_ros2/launch/sllidar_a2m12_launch .py
[14.208s] -- Installing: /home/ros/ros2_ws/install/sllidar_ros2/share/sllidar_ros2/launch/view_sllidar_s2_launch.py
[14.208s] -- Installing: /home/ros/ros2_ws/install/sllidar_ros2/share/sllidar_ros2/launch/view_sllidar_a2m8_launch.py
[14.208s] -- Installing: /home/ros/ros2_ws/install/sllidar_ros2/share/sllidar_ros2/launch/view_sllidar_a2m7_launch.py
[14.208s] -- Installing: /home/ros/ros2_ws/install/sllidar_ros2/share/sllidar_ros2/launch/sllidar_s3_launch.py
[14.208s] -- Installing: /home/ros/ros2_ws/install/sllidar_ros2/share/sllidar_ros2/launch/view_sllidar_c1_launch.py
[14.208s] -- Installing: /home/ros/ros2_ws/install/sllidar_ros2/share/sllidar_ros2/launch/view_sllidar_a1_launch.py
[14.209s] -- Installing: /home/ros/ros2_ws/install/sllidar_ros2/share/sllidar_ros2/launch/view_sllidar_s2e_launch.py
[14.209s] -- Installing: /home/ros/ros2_ws/install/sllidar_ros2/share/sllidar_ros2/launch/view_sllidar_s1_launch.py
[14.209s] -- Installing: /home/ros/ros2_ws/install/sllidar_ros2/share/sllidar_ros2/launch/sllidar_a2m7_launch.py
[14.209s] -- Installing: /home/ros/ros2_ws/install/sllidar_ros2/share/sllidar_ros2/launch/view_sllidar_s1_tcp_launch.py
[14.209s] -- Installing: /home/ros/ros2_ws/install/sllidar_ros2/share/sllidar_ros2/launch/sllidar_c1_launch.py
[14.209s] -- Installing: /home/ros/ros2_ws/install/sllidar_ros2/share/sllidar_ros2/launch/view_sllidar_a2m12_launch.py
[14.209s] -- Installing: /home/ros/ros2_ws/install/sllidar_ros2/share/sllidar_ros2/launch/sllidar_a3_launch.py
[14.209s] -- Installing: /home/ros/ros2_ws/install/sllidar_ros2/share/sllidar_ros2/launch/view_sllidar_a3_launch.py
[14.209s] -- Installing: /home/ros/ros2_ws/install/sllidar_ros2/share/sllidar_ros2/launch/sllidar_a2m8_launch.py
[14.209s] -- Installing: /home/ros/ros2_ws/install/sllidar_ros2/share/sllidar_ros2/launch/sllidar_s2e_launch.py
[14.209s] -- Installing: /home/ros/ros2_ws/install/sllidar_ros2/share/sllidar_ros2/launch/view_sllidar_t1_launch.py
[14.209s] -- Installing: /home/ros/ros2_ws/install/sllidar_ros2/share/sllidar_ros2/launch/sllidar_t1_launch.py
[14.210s] -- Installing: /home/ros/ros2_ws/install/sllidar_ros2/share/sllidar_ros2/launch/view_sllidar_s3_launch.py
[14.210s] -- Installing: /home/ros/ros2_ws/install/sllidar_ros2/share/sllidar_ros2/launch/sllidar_s2_launch.py
[14.210s] -- Installing: /home/ros/ros2_ws/install/sllidar_ros2/share/sllidar_ros2/rviz
[14.210s] -- Installing: /home/ros/ros2_ws/install/sllidar_ros2/share/sllidar_ros2/rviz/sllidar_ros2.rviz
[14.210s] -- Installing: /home/ros/ros2_ws/install/sllidar_ros2/lib/sllidar_ros2/sllidar_node
[14.211s] -- Set runtime path of "/home/ros/ros2_ws/install/sllidar_ros2/lib/sllidar_ros2/sllidar_node" to ""
[14.212s] -- Installing: /home/ros/ros2_ws/install/sllidar_ros2/lib/sllidar_ros2/sllidar_client
[14.214s] -- Set runtime path of "/home/ros/ros2_ws/install/sllidar_ros2/lib/sllidar_ros2/sllidar_client" to ""
[14.214s] -- Installing: /home/ros/ros2_ws/install/sllidar_ros2/share/ament_index/resource_index/package_run_dependencies/sllidar_ros2
[14.214s] -- Installing: /home/ros/ros2_ws/install/sllidar_ros2/share/ament_index/resource_index/parent_prefix_path/sllidar_ros2
[14.214s] -- Installing: /home/ros/ros2_ws/install/sllidar_ros2/share/sllidar_ros2/environment/ament_prefix_path.sh
[14.214s] -- Installing: /home/ros/ros2_ws/install/sllidar_ros2/share/sllidar_ros2/environment/ament_prefix_path.dsv
[14.215s] -- Installing: /home/ros/ros2_ws/install/sllidar_ros2/share/sllidar_ros2/environment/path.sh
[14.215s] -- Installing: /home/ros/ros2_ws/install/sllidar_ros2/share/sllidar_ros2/environment/path.dsv
[14.215s] -- Installing: /home/ros/ros2_ws/install/sllidar_ros2/share/sllidar_ros2/local_setup.bash
[14.215s] -- Installing: /home/ros/ros2_ws/install/sllidar_ros2/share/sllidar_ros2/local_setup.sh
[14.215s] -- Installing: /home/ros/ros2_ws/install/sllidar_ros2/share/sllidar_ros2/local_setup.zsh
[14.215s] -- Installing: /home/ros/ros2_ws/install/sllidar_ros2/share/sllidar_ros2/local_setup.dsv
[14.215s] -- Installing: /home/ros/ros2_ws/install/sllidar_ros2/share/sllidar_ros2/package.dsv
[14.216s] -- Installing: /home/ros/ros2_ws/install/sllidar_ros2/share/ament_index/resource_index/packages/sllidar_ros2
[14.216s] -- Installing: /home/ros/ros2_ws/install/sllidar_ros2/share/sllidar_ros2/cmake/ament_cmake_export_dependencies-extras.cmake
[14.216s] -- Installing: /home/ros/ros2_ws/install/sllidar_ros2/share/sllidar_ros2/cmake/ament_cmake_export_include_directories-extras.cmake
[14.216s] -- Installing: /home/ros/ros2_ws/install/sllidar_ros2/share/sllidar_ros2/cmake/sllidar_ros2Config.cmake
[14.216s] -- Installing: /home/ros/ros2_ws/install/sllidar_ros2/share/sllidar_ros2/cmake/sllidar_ros2Config-version.cmake
[14.216s] -- Installing: /home/ros/ros2_ws/install/sllidar_ros2/share/sllidar_ros2/package.xml
[14.218s] Invoked command in '/home/ros/ros2_ws/build/sllidar_ros2' returned '0': CMAKE_PREFIX_PATH=/opt/ros/humble /usr/bin/cmake --install /home/ros/ros2_ws/build/sllidar_ros2
