[0.772s] Invoking command in '/home/util/ros2_ws/src/nav_tunnel': PYTHONPATH=/home/util/ros2_ws/build/nav_tunnel/prefix_override:/usr/lib/python3/dist-packages/colcon_core/task/python/colcon_distutils_commands:/home/util/ros2_ws/install/nav_tunnel/lib/python3.10/site-packages:${PYTHONPATH} /usr/bin/python3 -W ignore:setup.py install is deprecated -W ignore:easy_install command is deprecated setup.py egg_info --egg-base ../../build/nav_tunnel build --build-base /home/util/ros2_ws/build/nav_tunnel/build install --record /home/util/ros2_ws/build/nav_tunnel/install.log --single-version-externally-managed install_data
[1.075s] running egg_info
[1.076s] creating ../../build/nav_tunnel/nav_tunnel.egg-info
[1.077s] writing ../../build/nav_tunnel/nav_tunnel.egg-info/PKG-INFO
[1.077s] writing dependency_links to ../../build/nav_tunnel/nav_tunnel.egg-info/dependency_links.txt
[1.077s] writing entry points to ../../build/nav_tunnel/nav_tunnel.egg-info/entry_points.txt
[1.078s] writing requirements to ../../build/nav_tunnel/nav_tunnel.egg-info/requires.txt
[1.078s] writing top-level names to ../../build/nav_tunnel/nav_tunnel.egg-info/top_level.txt
[1.078s] writing manifest file '../../build/nav_tunnel/nav_tunnel.egg-info/SOURCES.txt'
[1.080s] reading manifest file '../../build/nav_tunnel/nav_tunnel.egg-info/SOURCES.txt'
[1.080s] adding license file 'LICENSE'
[1.081s] writing manifest file '../../build/nav_tunnel/nav_tunnel.egg-info/SOURCES.txt'
[1.081s] running build
[1.081s] running build_py
[1.081s] creating /home/util/ros2_ws/build/nav_tunnel/build
[1.081s] creating /home/util/ros2_ws/build/nav_tunnel/build/lib
[1.082s] creating /home/util/ros2_ws/build/nav_tunnel/build/lib/nav_tunnel
[1.082s] copying nav_tunnel/__init__.py -> /home/util/ros2_ws/build/nav_tunnel/build/lib/nav_tunnel
[1.082s] copying nav_tunnel/nav_tunnel.py -> /home/util/ros2_ws/build/nav_tunnel/build/lib/nav_tunnel
[1.082s] running install
[1.082s] running install_lib
[1.083s] creating /home/util/ros2_ws/install/nav_tunnel/lib/python3.10/site-packages/nav_tunnel
[1.083s] copying /home/util/ros2_ws/build/nav_tunnel/build/lib/nav_tunnel/__init__.py -> /home/util/ros2_ws/install/nav_tunnel/lib/python3.10/site-packages/nav_tunnel
[1.083s] copying /home/util/ros2_ws/build/nav_tunnel/build/lib/nav_tunnel/nav_tunnel.py -> /home/util/ros2_ws/install/nav_tunnel/lib/python3.10/site-packages/nav_tunnel
[1.083s] byte-compiling /home/util/ros2_ws/install/nav_tunnel/lib/python3.10/site-packages/nav_tunnel/__init__.py to __init__.cpython-310.pyc
[1.084s] byte-compiling /home/util/ros2_ws/install/nav_tunnel/lib/python3.10/site-packages/nav_tunnel/nav_tunnel.py to nav_tunnel.cpython-310.pyc
[1.084s] running install_data
[1.084s] creating /home/util/ros2_ws/install/nav_tunnel/share/ament_index
[1.084s] creating /home/util/ros2_ws/install/nav_tunnel/share/ament_index/resource_index
[1.085s] creating /home/util/ros2_ws/install/nav_tunnel/share/ament_index/resource_index/packages
[1.085s] copying resource/nav_tunnel -> /home/util/ros2_ws/install/nav_tunnel/share/ament_index/resource_index/packages
[1.085s] copying package.xml -> /home/util/ros2_ws/install/nav_tunnel/share/nav_tunnel
[1.085s] running install_egg_info
[1.087s] Copying ../../build/nav_tunnel/nav_tunnel.egg-info to /home/util/ros2_ws/install/nav_tunnel/lib/python3.10/site-packages/nav_tunnel-0.0.0-py3.10.egg-info
[1.087s] running install_scripts
[1.112s] writing list of installed files to '/home/util/ros2_ws/build/nav_tunnel/install.log'
[1.141s] Invoked command in '/home/util/ros2_ws/src/nav_tunnel' returned '0': PYTHONPATH=/home/util/ros2_ws/build/nav_tunnel/prefix_override:/usr/lib/python3/dist-packages/colcon_core/task/python/colcon_distutils_commands:/home/util/ros2_ws/install/nav_tunnel/lib/python3.10/site-packages:${PYTHONPATH} /usr/bin/python3 -W ignore:setup.py install is deprecated -W ignore:easy_install command is deprecated setup.py egg_info --egg-base ../../build/nav_tunnel build --build-base /home/util/ros2_ws/build/nav_tunnel/build install --record /home/util/ros2_ws/build/nav_tunnel/install.log --single-version-externally-managed install_data
