running egg_info
writing ../../build/controller_pkg/controller_pkg.egg-info/PKG-INFO
writing dependency_links to ../../build/controller_pkg/controller_pkg.egg-info/dependency_links.txt
writing entry points to ../../build/controller_pkg/controller_pkg.egg-info/entry_points.txt
writing requirements to ../../build/controller_pkg/controller_pkg.egg-info/requires.txt
writing top-level names to ../../build/controller_pkg/controller_pkg.egg-info/top_level.txt
reading manifest file '../../build/controller_pkg/controller_pkg.egg-info/SOURCES.txt'
writing manifest file '../../build/controller_pkg/controller_pkg.egg-info/SOURCES.txt'
running build
running build_py
copying controller_pkg/node_controller.py -> /root/ros_ws/build/controller_pkg/build/lib/controller_pkg
running install
running install_lib
copying /root/ros_ws/build/controller_pkg/build/lib/controller_pkg/node_controller.py -> /root/ros_ws/install/controller_pkg/lib/python3.10/site-packages/controller_pkg
byte-compiling /root/ros_ws/install/controller_pkg/lib/python3.10/site-packages/controller_pkg/node_controller.py to node_controller.cpython-310.pyc
Sorry: TabError: inconsistent use of tabs and spaces in indentation (node_controller.py, line 21)
running install_data
running install_egg_info
removing '/root/ros_ws/install/controller_pkg/lib/python3.10/site-packages/controller_pkg-0.0.0-py3.10.egg-info' (and everything under it)
Copying ../../build/controller_pkg/controller_pkg.egg-info to /root/ros_ws/install/controller_pkg/lib/python3.10/site-packages/controller_pkg-0.0.0-py3.10.egg-info
running install_scripts
Installing node_controller script to /root/ros_ws/install/controller_pkg/lib/controller_pkg
writing list of installed files to '/root/ros_ws/build/controller_pkg/install.log'
