running develop
running egg_info
creating nav_tunnel.egg-info
writing nav_tunnel.egg-info/PKG-INFO
writing dependency_links to nav_tunnel.egg-info/dependency_links.txt
writing entry points to nav_tunnel.egg-info/entry_points.txt
writing requirements to nav_tunnel.egg-info/requires.txt
writing top-level names to nav_tunnel.egg-info/top_level.txt
writing manifest file 'nav_tunnel.egg-info/SOURCES.txt'
reading manifest file 'nav_tunnel.egg-info/SOURCES.txt'
writing manifest file 'nav_tunnel.egg-info/SOURCES.txt'
running build_ext
Creating /home/util/ros2_ws/install/nav_tunnel/lib/python3.10/site-packages/nav-tunnel.egg-link (link to .)
Installing nav_tunnel script to /home/util/ros2_ws/install/nav_tunnel/lib/nav_tunnel

Installed /home/util/ros2_ws/build/nav_tunnel
running symlink_data
creating /home/util/ros2_ws/install/nav_tunnel/share/ament_index
creating /home/util/ros2_ws/install/nav_tunnel/share/ament_index/resource_index
creating /home/util/ros2_ws/install/nav_tunnel/share/ament_index/resource_index/packages
symbolically linking /home/util/ros2_ws/build/nav_tunnel/resource/nav_tunnel -> /home/util/ros2_ws/install/nav_tunnel/share/ament_index/resource_index/packages
symbolically linking /home/util/ros2_ws/build/nav_tunnel/package.xml -> /home/util/ros2_ws/install/nav_tunnel/share/nav_tunnel
