[1.605s] Invoking command in '/home/util/ros2_ws/build/nav_tunnel': PYTHONPATH=/home/util/ros2_ws/build/nav_tunnel/prefix_override:/usr/lib/python3/dist-packages/colcon_core/task/python/colcon_distutils_commands:/home/util/ros2_ws/install/nav_tunnel/lib/python3.10/site-packages:${PYTHONPATH} /usr/bin/python3 -W ignore:setup.py install is deprecated -W ignore:easy_install command is deprecated setup.py develop --editable --build-directory /home/util/ros2_ws/build/nav_tunnel/build --no-deps symlink_data
[2.230s] running develop
[2.709s] running egg_info
[2.709s] creating nav_tunnel.egg-info
[2.710s] writing nav_tunnel.egg-info/PKG-INFO
[2.710s] writing dependency_links to nav_tunnel.egg-info/dependency_links.txt
[2.710s] writing entry points to nav_tunnel.egg-info/entry_points.txt
[2.710s] writing requirements to nav_tunnel.egg-info/requires.txt
[2.710s] writing top-level names to nav_tunnel.egg-info/top_level.txt
[2.710s] writing manifest file 'nav_tunnel.egg-info/SOURCES.txt'
[2.716s] reading manifest file 'nav_tunnel.egg-info/SOURCES.txt'
[2.716s] writing manifest file 'nav_tunnel.egg-info/SOURCES.txt'
[2.719s] running build_ext
[2.720s] Creating /home/util/ros2_ws/install/nav_tunnel/lib/python3.10/site-packages/nav-tunnel.egg-link (link to .)
[2.724s] Installing nav_tunnel script to /home/util/ros2_ws/install/nav_tunnel/lib/nav_tunnel
[2.724s] 
[2.726s] Installed /home/util/ros2_ws/build/nav_tunnel
[2.726s] running symlink_data
[2.726s] creating /home/util/ros2_ws/install/nav_tunnel/share/ament_index
[2.726s] creating /home/util/ros2_ws/install/nav_tunnel/share/ament_index/resource_index
[2.729s] creating /home/util/ros2_ws/install/nav_tunnel/share/ament_index/resource_index/packages
[2.730s] symbolically linking /home/util/ros2_ws/build/nav_tunnel/resource/nav_tunnel -> /home/util/ros2_ws/install/nav_tunnel/share/ament_index/resource_index/packages
[2.730s] symbolically linking /home/util/ros2_ws/build/nav_tunnel/package.xml -> /home/util/ros2_ws/install/nav_tunnel/share/nav_tunnel
[2.800s] Invoked command in '/home/util/ros2_ws/build/nav_tunnel' returned '0': PYTHONPATH=/home/util/ros2_ws/build/nav_tunnel/prefix_override:/usr/lib/python3/dist-packages/colcon_core/task/python/colcon_distutils_commands:/home/util/ros2_ws/install/nav_tunnel/lib/python3.10/site-packages:${PYTHONPATH} /usr/bin/python3 -W ignore:setup.py install is deprecated -W ignore:easy_install command is deprecated setup.py develop --editable --build-directory /home/util/ros2_ws/build/nav_tunnel/build --no-deps symlink_data
