[0.259s] DEBUG:colcon:Command line arguments: ['/usr/bin/colcon', 'build', '--packages-select', 'nav_tunnel', '--symlink-install']
[0.259s] DEBUG:colcon:Parsed command line arguments: Namespace(log_base=None, log_level=None, verb_name='build', build_base='build', install_base='install', merge_install=False, symlink_install=True, test_result_base=None, continue_on_error=False, executor='parallel', parallel_workers=4, event_handlers=None, ignore_user_meta=False, metas=['./colcon.meta'], base_paths=['.'], packages_ignore=None, packages_ignore_regex=None, paths=None, packages_up_to=None, packages_up_to_regex=None, packages_above=None, packages_above_and_dependencies=None, packages_above_depth=None, packages_select_by_dep=None, packages_skip_by_dep=None, packages_skip_up_to=None, packages_select_build_failed=False, packages_skip_build_finished=False, packages_select_test_failures=False, packages_skip_test_passed=False, packages_select=['nav_tunnel'], packages_skip=None, packages_select_regex=None, packages_skip_regex=None, packages_start=None, packages_end=None, allow_overriding=[], cmake_args=None, cmake_target=None, cmake_target_skip_unavailable=False, cmake_clean_cache=False, cmake_clean_first=False, cmake_force_configure=False, ament_cmake_args=None, catkin_cmake_args=None, catkin_skip_building_tests=False, mixin_files=None, mixin=None, verb_parser=<colcon_mixin.mixin.mixin_argument.MixinArgumentDecorator object at 0x7cbae9135f30>, verb_extension=<colcon_core.verb.build.BuildVerb object at 0x7cbae9135a80>, main=<bound method BuildVerb.main of <colcon_core.verb.build.BuildVerb object at 0x7cbae9135a80>>, mixin_verb=('build',))
[0.746s] Level 1:colcon.colcon_core.package_discovery:discover_packages(colcon_meta) check parameters
[0.746s] Level 1:colcon.colcon_core.package_discovery:discover_packages(recursive) check parameters
[0.746s] Level 1:colcon.colcon_core.package_discovery:discover_packages(ignore) check parameters
[0.746s] Level 1:colcon.colcon_core.package_discovery:discover_packages(path) check parameters
[0.746s] Level 1:colcon.colcon_core.package_discovery:discover_packages(colcon_meta) discover
[0.746s] Level 1:colcon.colcon_core.package_discovery:discover_packages(recursive) discover
[0.746s] INFO:colcon.colcon_core.package_discovery:Crawling recursively for packages in '/home/util/ros2_ws'
[0.747s] Level 1:colcon.colcon_core.package_identification:_identify(.) by extensions ['ignore', 'ignore_ament_install']
[0.747s] Level 1:colcon.colcon_core.package_identification:_identify(.) by extension 'ignore'
[0.747s] Level 1:colcon.colcon_core.package_identification:_identify(.) by extension 'ignore_ament_install'
[0.747s] Level 1:colcon.colcon_core.package_identification:_identify(.) by extensions ['colcon_pkg']
[0.747s] Level 1:colcon.colcon_core.package_identification:_identify(.) by extension 'colcon_pkg'
[0.747s] Level 1:colcon.colcon_core.package_identification:_identify(.) by extensions ['colcon_meta']
[0.747s] Level 1:colcon.colcon_core.package_identification:_identify(.) by extension 'colcon_meta'
[0.748s] Level 1:colcon.colcon_core.package_identification:_identify(.) by extensions ['ros']
[0.748s] Level 1:colcon.colcon_core.package_identification:_identify(.) by extension 'ros'
[0.784s] Level 1:colcon.colcon_core.package_identification:_identify(.) by extensions ['cmake', 'python']
[0.784s] Level 1:colcon.colcon_core.package_identification:_identify(.) by extension 'cmake'
[0.785s] Level 1:colcon.colcon_core.package_identification:_identify(.) by extension 'python'
[0.785s] Level 1:colcon.colcon_core.package_identification:_identify(.) by extensions ['python_setup_py']
[0.785s] Level 1:colcon.colcon_core.package_identification:_identify(.) by extension 'python_setup_py'
[0.785s] Level 1:colcon.colcon_core.package_identification:_identify(build) by extensions ['ignore', 'ignore_ament_install']
[0.785s] Level 1:colcon.colcon_core.package_identification:_identify(build) by extension 'ignore'
[0.786s] Level 1:colcon.colcon_core.package_identification:_identify(build) ignored
[0.786s] Level 1:colcon.colcon_core.package_identification:_identify(install) by extensions ['ignore', 'ignore_ament_install']
[0.786s] Level 1:colcon.colcon_core.package_identification:_identify(install) by extension 'ignore'
[0.786s] Level 1:colcon.colcon_core.package_identification:_identify(install) ignored
[0.787s] Level 1:colcon.colcon_core.package_identification:_identify(log) by extensions ['ignore', 'ignore_ament_install']
[0.787s] Level 1:colcon.colcon_core.package_identification:_identify(log) by extension 'ignore'
[0.787s] Level 1:colcon.colcon_core.package_identification:_identify(log) ignored
[0.788s] Level 1:colcon.colcon_core.package_identification:_identify(src) by extensions ['ignore', 'ignore_ament_install']
[0.788s] Level 1:colcon.colcon_core.package_identification:_identify(src) by extension 'ignore'
[0.788s] Level 1:colcon.colcon_core.package_identification:_identify(src) by extension 'ignore_ament_install'
[0.788s] Level 1:colcon.colcon_core.package_identification:_identify(src) by extensions ['colcon_pkg']
[0.788s] Level 1:colcon.colcon_core.package_identification:_identify(src) by extension 'colcon_pkg'
[0.789s] Level 1:colcon.colcon_core.package_identification:_identify(src) by extensions ['colcon_meta']
[0.789s] Level 1:colcon.colcon_core.package_identification:_identify(src) by extension 'colcon_meta'
[0.789s] Level 1:colcon.colcon_core.package_identification:_identify(src) by extensions ['ros']
[0.789s] Level 1:colcon.colcon_core.package_identification:_identify(src) by extension 'ros'
[0.790s] Level 1:colcon.colcon_core.package_identification:_identify(src) by extensions ['cmake', 'python']
[0.790s] Level 1:colcon.colcon_core.package_identification:_identify(src) by extension 'cmake'
[0.790s] Level 1:colcon.colcon_core.package_identification:_identify(src) by extension 'python'
[0.791s] Level 1:colcon.colcon_core.package_identification:_identify(src) by extensions ['python_setup_py']
[0.791s] Level 1:colcon.colcon_core.package_identification:_identify(src) by extension 'python_setup_py'
[0.791s] Level 1:colcon.colcon_core.package_identification:_identify(src/nav_tunnel) by extensions ['ignore', 'ignore_ament_install']
[0.792s] Level 1:colcon.colcon_core.package_identification:_identify(src/nav_tunnel) by extension 'ignore'
[0.792s] Level 1:colcon.colcon_core.package_identification:_identify(src/nav_tunnel) by extension 'ignore_ament_install'
[0.792s] Level 1:colcon.colcon_core.package_identification:_identify(src/nav_tunnel) by extensions ['colcon_pkg']
[0.792s] Level 1:colcon.colcon_core.package_identification:_identify(src/nav_tunnel) by extension 'colcon_pkg'
[0.792s] Level 1:colcon.colcon_core.package_identification:_identify(src/nav_tunnel) by extensions ['colcon_meta']
[0.792s] Level 1:colcon.colcon_core.package_identification:_identify(src/nav_tunnel) by extension 'colcon_meta'
[0.793s] Level 1:colcon.colcon_core.package_identification:_identify(src/nav_tunnel) by extensions ['ros']
[0.793s] Level 1:colcon.colcon_core.package_identification:_identify(src/nav_tunnel) by extension 'ros'
[0.801s] DEBUG:colcon.colcon_core.package_identification:Package 'src/nav_tunnel' with type 'ros.ament_python' and name 'nav_tunnel'
[0.801s] Level 1:colcon.colcon_core.package_discovery:discover_packages(recursive) using defaults
[0.802s] Level 1:colcon.colcon_core.package_discovery:discover_packages(ignore) discover
[0.802s] Level 1:colcon.colcon_core.package_discovery:discover_packages(ignore) using defaults
[0.802s] Level 1:colcon.colcon_core.package_discovery:discover_packages(path) discover
[0.802s] Level 1:colcon.colcon_core.package_discovery:discover_packages(path) using defaults
[0.923s] Level 1:colcon.colcon_core.package_discovery:discover_packages(prefix_path) check parameters
[0.924s] Level 1:colcon.colcon_core.package_discovery:discover_packages(prefix_path) discover
[0.932s] DEBUG:colcon.colcon_installed_package_information.package_discovery:Found 317 installed packages in /opt/ros/humble
[0.938s] Level 1:colcon.colcon_core.package_discovery:discover_packages(prefix_path) using defaults
[1.066s] Level 5:colcon.colcon_core.verb:set package 'nav_tunnel' build argument 'cmake_args' from command line to 'None'
[1.066s] Level 5:colcon.colcon_core.verb:set package 'nav_tunnel' build argument 'cmake_target' from command line to 'None'
[1.066s] Level 5:colcon.colcon_core.verb:set package 'nav_tunnel' build argument 'cmake_target_skip_unavailable' from command line to 'False'
[1.066s] Level 5:colcon.colcon_core.verb:set package 'nav_tunnel' build argument 'cmake_clean_cache' from command line to 'False'
[1.066s] Level 5:colcon.colcon_core.verb:set package 'nav_tunnel' build argument 'cmake_clean_first' from command line to 'False'
[1.067s] Level 5:colcon.colcon_core.verb:set package 'nav_tunnel' build argument 'cmake_force_configure' from command line to 'False'
[1.067s] Level 5:colcon.colcon_core.verb:set package 'nav_tunnel' build argument 'ament_cmake_args' from command line to 'None'
[1.067s] Level 5:colcon.colcon_core.verb:set package 'nav_tunnel' build argument 'catkin_cmake_args' from command line to 'None'
[1.067s] Level 5:colcon.colcon_core.verb:set package 'nav_tunnel' build argument 'catkin_skip_building_tests' from command line to 'False'
[1.067s] DEBUG:colcon.colcon_core.verb:Building package 'nav_tunnel' with the following arguments: {'ament_cmake_args': None, 'build_base': '/home/util/ros2_ws/build/nav_tunnel', 'catkin_cmake_args': None, 'catkin_skip_building_tests': False, 'cmake_args': None, 'cmake_clean_cache': False, 'cmake_clean_first': False, 'cmake_force_configure': False, 'cmake_target': None, 'cmake_target_skip_unavailable': False, 'install_base': '/home/util/ros2_ws/install/nav_tunnel', 'merge_install': False, 'path': '/home/util/ros2_ws/src/nav_tunnel', 'symlink_install': True, 'test_result_base': None}
[1.067s] INFO:colcon.colcon_core.executor:Executing jobs using 'parallel' executor
[1.070s] DEBUG:colcon.colcon_parallel_executor.executor.parallel:run_until_complete
[1.070s] INFO:colcon.colcon_ros.task.ament_python.build:Building ROS package in '/home/util/ros2_ws/src/nav_tunnel' with build type 'ament_python'
[1.071s] Level 1:colcon.colcon_core.shell:create_environment_hook('nav_tunnel', 'ament_prefix_path')
[1.076s] INFO:colcon.colcon_core.plugin_system:Skipping extension 'colcon_core.shell.bat': Not used on non-Windows systems
[1.076s] INFO:colcon.colcon_core.shell:Creating environment hook '/home/util/ros2_ws/install/nav_tunnel/share/nav_tunnel/hook/ament_prefix_path.ps1'
[1.079s] INFO:colcon.colcon_core.shell:Creating environment descriptor '/home/util/ros2_ws/install/nav_tunnel/share/nav_tunnel/hook/ament_prefix_path.dsv'
[1.080s] INFO:colcon.colcon_core.shell:Creating environment hook '/home/util/ros2_ws/install/nav_tunnel/share/nav_tunnel/hook/ament_prefix_path.sh'
[1.083s] INFO:colcon.colcon_core.shell:Skip shell extension 'powershell' for command environment: Not usable outside of PowerShell
[1.083s] DEBUG:colcon.colcon_core.shell:Skip shell extension 'dsv' for command environment
[1.955s] INFO:colcon.colcon_core.task.python.build:Building Python package in '/home/util/ros2_ws/src/nav_tunnel'
[1.956s] INFO:colcon.colcon_core.shell:Skip shell extension 'powershell' for command environment: Not usable outside of PowerShell
[1.957s] DEBUG:colcon.colcon_core.shell:Skip shell extension 'dsv' for command environment
[2.993s] DEBUG:colcon.colcon_core.task.python.build:While undoing a previous installation files outside the Python library path are being ignored: /home/util/ros2_ws/install/nav_tunnel/share/ament_index/resource_index/packages/nav_tunnel
[2.994s] DEBUG:colcon.colcon_core.task.python.build:While undoing a previous installation files outside the Python library path are being ignored: /home/util/ros2_ws/install/nav_tunnel/share/nav_tunnel/package.xml
[2.994s] DEBUG:colcon.colcon_core.task.python.build:While undoing a previous installation files outside the Python library path are being ignored: /home/util/ros2_ws/install/nav_tunnel/lib/nav_tunnel/nav_tunnel
[3.009s] DEBUG:colcon.colcon_core.event_handler.log_command:Invoking command in '/home/util/ros2_ws/build/nav_tunnel': PYTHONPATH=/home/util/ros2_ws/build/nav_tunnel/prefix_override:/usr/lib/python3/dist-packages/colcon_core/task/python/colcon_distutils_commands:/home/util/ros2_ws/install/nav_tunnel/lib/python3.10/site-packages:${PYTHONPATH} /usr/bin/python3 -W ignore:setup.py install is deprecated -W ignore:easy_install command is deprecated setup.py develop --editable --build-directory /home/util/ros2_ws/build/nav_tunnel/build --no-deps symlink_data --force
[4.310s] Level 1:colcon.colcon_core.shell:create_environment_hook('nav_tunnel', 'pythonpath_develop')
[4.313s] INFO:colcon.colcon_core.shell:Creating environment hook '/home/util/ros2_ws/build/nav_tunnel/share/nav_tunnel/hook/pythonpath_develop.ps1'
[4.311s] DEBUG:colcon.colcon_core.event_handler.log_command:Invoked command in '/home/util/ros2_ws/build/nav_tunnel' returned '0': PYTHONPATH=/home/util/ros2_ws/build/nav_tunnel/prefix_override:/usr/lib/python3/dist-packages/colcon_core/task/python/colcon_distutils_commands:/home/util/ros2_ws/install/nav_tunnel/lib/python3.10/site-packages:${PYTHONPATH} /usr/bin/python3 -W ignore:setup.py install is deprecated -W ignore:easy_install command is deprecated setup.py develop --editable --build-directory /home/util/ros2_ws/build/nav_tunnel/build --no-deps symlink_data --force
[4.316s] INFO:colcon.colcon_core.shell:Creating environment descriptor '/home/util/ros2_ws/build/nav_tunnel/share/nav_tunnel/hook/pythonpath_develop.dsv'
[4.318s] INFO:colcon.colcon_core.shell:Creating environment hook '/home/util/ros2_ws/build/nav_tunnel/share/nav_tunnel/hook/pythonpath_develop.sh'
[4.328s] Level 1:colcon.colcon_core.environment:checking '/home/util/ros2_ws/install/nav_tunnel' for CMake module files
[4.330s] Level 1:colcon.colcon_core.environment:checking '/home/util/ros2_ws/install/nav_tunnel' for CMake config files
[4.331s] Level 1:colcon.colcon_core.environment:checking '/home/util/ros2_ws/install/nav_tunnel/lib'
[4.331s] Level 1:colcon.colcon_core.environment:checking '/home/util/ros2_ws/install/nav_tunnel/bin'
[4.332s] Level 1:colcon.colcon_core.environment:checking '/home/util/ros2_ws/install/nav_tunnel/lib/pkgconfig/nav_tunnel.pc'
[4.332s] Level 1:colcon.colcon_core.environment:checking '/home/util/ros2_ws/install/nav_tunnel/lib/python3.10/site-packages'
[4.332s] Level 1:colcon.colcon_core.shell:create_environment_hook('nav_tunnel', 'pythonpath')
[4.333s] INFO:colcon.colcon_core.shell:Creating environment hook '/home/util/ros2_ws/install/nav_tunnel/share/nav_tunnel/hook/pythonpath.ps1'
[4.334s] INFO:colcon.colcon_core.shell:Creating environment descriptor '/home/util/ros2_ws/install/nav_tunnel/share/nav_tunnel/hook/pythonpath.dsv'
[4.335s] INFO:colcon.colcon_core.shell:Creating environment hook '/home/util/ros2_ws/install/nav_tunnel/share/nav_tunnel/hook/pythonpath.sh'
[4.338s] Level 1:colcon.colcon_core.environment:checking '/home/util/ros2_ws/install/nav_tunnel/bin'
[4.338s] Level 1:colcon.colcon_core.environment:create_environment_scripts_only(nav_tunnel)
[4.339s] INFO:colcon.colcon_core.shell:Creating package script '/home/util/ros2_ws/install/nav_tunnel/share/nav_tunnel/package.ps1'
[4.341s] INFO:colcon.colcon_core.shell:Creating package descriptor '/home/util/ros2_ws/install/nav_tunnel/share/nav_tunnel/package.dsv'
[4.342s] INFO:colcon.colcon_core.shell:Creating package script '/home/util/ros2_ws/install/nav_tunnel/share/nav_tunnel/package.sh'
[4.344s] INFO:colcon.colcon_core.shell:Creating package script '/home/util/ros2_ws/install/nav_tunnel/share/nav_tunnel/package.bash'
[4.347s] INFO:colcon.colcon_core.shell:Creating package script '/home/util/ros2_ws/install/nav_tunnel/share/nav_tunnel/package.zsh'
[4.349s] Level 1:colcon.colcon_core.environment:create_file_with_runtime_dependencies(/home/util/ros2_ws/install/nav_tunnel/share/colcon-core/packages/nav_tunnel)
[4.350s] DEBUG:colcon.colcon_parallel_executor.executor.parallel:closing loop
[4.351s] DEBUG:colcon.colcon_parallel_executor.executor.parallel:loop closed
[4.351s] DEBUG:colcon.colcon_parallel_executor.executor.parallel:run_until_complete finished with '0'
[4.351s] DEBUG:colcon.colcon_core.event_reactor:joining thread
[4.366s] INFO:colcon.colcon_core.plugin_system:Skipping extension 'colcon_notification.desktop_notification.terminal_notifier': Not used on non-Darwin systems
[4.367s] INFO:colcon.colcon_core.plugin_system:Skipping extension 'colcon_notification.desktop_notification.win32': Not used on non-Windows systems
[4.367s] INFO:colcon.colcon_notification.desktop_notification:Sending desktop notification using 'notify2'
[4.428s] DEBUG:colcon.colcon_core.event_reactor:joined thread
[4.429s] INFO:colcon.colcon_core.shell:Creating prefix script '/home/util/ros2_ws/install/local_setup.ps1'
[4.434s] INFO:colcon.colcon_core.shell:Creating prefix util module '/home/util/ros2_ws/install/_local_setup_util_ps1.py'
[4.439s] INFO:colcon.colcon_core.shell:Creating prefix chain script '/home/util/ros2_ws/install/setup.ps1'
[4.442s] INFO:colcon.colcon_core.shell:Creating prefix script '/home/util/ros2_ws/install/local_setup.sh'
[4.444s] INFO:colcon.colcon_core.shell:Creating prefix util module '/home/util/ros2_ws/install/_local_setup_util_sh.py'
[4.446s] INFO:colcon.colcon_core.shell:Creating prefix chain script '/home/util/ros2_ws/install/setup.sh'
[4.449s] INFO:colcon.colcon_core.shell:Creating prefix script '/home/util/ros2_ws/install/local_setup.bash'
[4.450s] INFO:colcon.colcon_core.shell:Creating prefix chain script '/home/util/ros2_ws/install/setup.bash'
[4.453s] INFO:colcon.colcon_core.shell:Creating prefix script '/home/util/ros2_ws/install/local_setup.zsh'
[4.455s] INFO:colcon.colcon_core.shell:Creating prefix chain script '/home/util/ros2_ws/install/setup.zsh'
